../Core/Src/Drivers/ssd1306.c:17:6:ssd1306_set_cursor	16	static
../Core/Src/Drivers/ssd1306.c:23:6:ssd1306_draw_char	24	static
../Core/Src/Drivers/ssd1306.c:32:6:ssd1306_draw_string	16	static
../Core/Src/Drivers/ssd1306.c:40:6:ssd1306_send_command	16	static
../Core/Src/Drivers/ssd1306.c:47:6:ssd1306_send_data	16	static
../Core/Src/Drivers/ssd1306.c:54:6:ssd1306_init	8	static
../Core/Src/Drivers/ssd1306.c:79:6:ssd1306_clear	16	static
../Core/Src/Drivers/ssd1306.c:91:6:ssd1306_display_sensor_data	16	static
