Archive member included to satisfy reference by file (symbol)

C:/ST/STM32CubeIDE_1.17.0/STM32CubeIDE/plugins/com.st.stm32cube.ide.mcu.externaltools.gnu-tools-for-stm32.13.3.rel1.win32_1.0.0.202411081344/tools/bin/../lib/gcc/arm-none-eabi/13.3.1/../../../../arm-none-eabi/lib/thumb/v7e-m+fp/hard\libc_nano.a(libc_a-exit.o)
                              C:/ST/STM32CubeIDE_1.17.0/STM32CubeIDE/plugins/com.st.stm32cube.ide.mcu.externaltools.gnu-tools-for-stm32.13.3.rel1.win32_1.0.0.202411081344/tools/bin/../lib/gcc/arm-none-eabi/13.3.1/../../../../arm-none-eabi/lib/thumb/v7e-m+fp/hard/crt0.o (exit)
C:/ST/STM32CubeIDE_1.17.0/STM32CubeIDE/plugins/com.st.stm32cube.ide.mcu.externaltools.gnu-tools-for-stm32.13.3.rel1.win32_1.0.0.202411081344/tools/bin/../lib/gcc/arm-none-eabi/13.3.1/../../../../arm-none-eabi/lib/thumb/v7e-m+fp/hard\libc_nano.a(libc_a-findfp.o)
                              C:/ST/STM32CubeIDE_1.17.0/STM32CubeIDE/plugins/com.st.stm32cube.ide.mcu.externaltools.gnu-tools-for-stm32.13.3.rel1.win32_1.0.0.202411081344/tools/bin/../lib/gcc/arm-none-eabi/13.3.1/../../../../arm-none-eabi/lib/thumb/v7e-m+fp/hard\libc_nano.a(libc_a-exit.o) (__stdio_exit_handler)
C:/ST/STM32CubeIDE_1.17.0/STM32CubeIDE/plugins/com.st.stm32cube.ide.mcu.externaltools.gnu-tools-for-stm32.13.3.rel1.win32_1.0.0.202411081344/tools/bin/../lib/gcc/arm-none-eabi/13.3.1/../../../../arm-none-eabi/lib/thumb/v7e-m+fp/hard\libc_nano.a(libc_a-fwalk.o)
                              C:/ST/STM32CubeIDE_1.17.0/STM32CubeIDE/plugins/com.st.stm32cube.ide.mcu.externaltools.gnu-tools-for-stm32.13.3.rel1.win32_1.0.0.202411081344/tools/bin/../lib/gcc/arm-none-eabi/13.3.1/../../../../arm-none-eabi/lib/thumb/v7e-m+fp/hard\libc_nano.a(libc_a-findfp.o) (_fwalk_sglue)
C:/ST/STM32CubeIDE_1.17.0/STM32CubeIDE/plugins/com.st.stm32cube.ide.mcu.externaltools.gnu-tools-for-stm32.13.3.rel1.win32_1.0.0.202411081344/tools/bin/../lib/gcc/arm-none-eabi/13.3.1/../../../../arm-none-eabi/lib/thumb/v7e-m+fp/hard\libc_nano.a(libc_a-snprintf.o)
                              ./Core/Src/Tasks/Task_DHT11.o (snprintf)
C:/ST/STM32CubeIDE_1.17.0/STM32CubeIDE/plugins/com.st.stm32cube.ide.mcu.externaltools.gnu-tools-for-stm32.13.3.rel1.win32_1.0.0.202411081344/tools/bin/../lib/gcc/arm-none-eabi/13.3.1/../../../../arm-none-eabi/lib/thumb/v7e-m+fp/hard\libc_nano.a(libc_a-stdio.o)
                              C:/ST/STM32CubeIDE_1.17.0/STM32CubeIDE/plugins/com.st.stm32cube.ide.mcu.externaltools.gnu-tools-for-stm32.13.3.rel1.win32_1.0.0.202411081344/tools/bin/../lib/gcc/arm-none-eabi/13.3.1/../../../../arm-none-eabi/lib/thumb/v7e-m+fp/hard\libc_nano.a(libc_a-findfp.o) (__sread)
C:/ST/STM32CubeIDE_1.17.0/STM32CubeIDE/plugins/com.st.stm32cube.ide.mcu.externaltools.gnu-tools-for-stm32.13.3.rel1.win32_1.0.0.202411081344/tools/bin/../lib/gcc/arm-none-eabi/13.3.1/../../../../arm-none-eabi/lib/thumb/v7e-m+fp/hard\libc_nano.a(libc_a-memset.o)
                              C:/ST/STM32CubeIDE_1.17.0/STM32CubeIDE/plugins/com.st.stm32cube.ide.mcu.externaltools.gnu-tools-for-stm32.13.3.rel1.win32_1.0.0.202411081344/tools/bin/../lib/gcc/arm-none-eabi/13.3.1/../../../../arm-none-eabi/lib/thumb/v7e-m+fp/hard/crt0.o (memset)
C:/ST/STM32CubeIDE_1.17.0/STM32CubeIDE/plugins/com.st.stm32cube.ide.mcu.externaltools.gnu-tools-for-stm32.13.3.rel1.win32_1.0.0.202411081344/tools/bin/../lib/gcc/arm-none-eabi/13.3.1/../../../../arm-none-eabi/lib/thumb/v7e-m+fp/hard\libc_nano.a(libc_a-strncmp.o)
                              ./Core/Src/Drivers/uart_cli.o (strncmp)
C:/ST/STM32CubeIDE_1.17.0/STM32CubeIDE/plugins/com.st.stm32cube.ide.mcu.externaltools.gnu-tools-for-stm32.13.3.rel1.win32_1.0.0.202411081344/tools/bin/../lib/gcc/arm-none-eabi/13.3.1/../../../../arm-none-eabi/lib/thumb/v7e-m+fp/hard\libc_nano.a(libc_a-closer.o)
                              C:/ST/STM32CubeIDE_1.17.0/STM32CubeIDE/plugins/com.st.stm32cube.ide.mcu.externaltools.gnu-tools-for-stm32.13.3.rel1.win32_1.0.0.202411081344/tools/bin/../lib/gcc/arm-none-eabi/13.3.1/../../../../arm-none-eabi/lib/thumb/v7e-m+fp/hard\libc_nano.a(libc_a-stdio.o) (_close_r)
C:/ST/STM32CubeIDE_1.17.0/STM32CubeIDE/plugins/com.st.stm32cube.ide.mcu.externaltools.gnu-tools-for-stm32.13.3.rel1.win32_1.0.0.202411081344/tools/bin/../lib/gcc/arm-none-eabi/13.3.1/../../../../arm-none-eabi/lib/thumb/v7e-m+fp/hard\libc_nano.a(libc_a-reent.o)
                              C:/ST/STM32CubeIDE_1.17.0/STM32CubeIDE/plugins/com.st.stm32cube.ide.mcu.externaltools.gnu-tools-for-stm32.13.3.rel1.win32_1.0.0.202411081344/tools/bin/../lib/gcc/arm-none-eabi/13.3.1/../../../../arm-none-eabi/lib/thumb/v7e-m+fp/hard\libc_nano.a(libc_a-closer.o) (errno)
C:/ST/STM32CubeIDE_1.17.0/STM32CubeIDE/plugins/com.st.stm32cube.ide.mcu.externaltools.gnu-tools-for-stm32.13.3.rel1.win32_1.0.0.202411081344/tools/bin/../lib/gcc/arm-none-eabi/13.3.1/../../../../arm-none-eabi/lib/thumb/v7e-m+fp/hard\libc_nano.a(libc_a-impure.o)
[...]
Memory Configuration

Name             Origin             Length             Attributes
RAM              0x20000000         0x00020000         xrw
FLASH            0x08000000         0x00080000         xr
*default*        0x00000000         0xffffffff

Linker script and memory map

LOAD C:/ST/STM32CubeIDE_1.17.0/STM32CubeIDE/plugins/com.st.stm32cube.ide.mcu.externaltools.gnu-tools-for-stm32.13.3.rel1.win32_1.0.0.202411081344/tools/bin/../lib/gcc/arm-none-eabi/13.3.1/thumb/v7e-m+fp/hard/crti.o
LOAD C:/ST/STM32CubeIDE_1.17.0/STM32CubeIDE/plugins/com.st.stm32cube.ide.mcu.externaltools.gnu-tools-for-stm32.13.3.rel1.win32_1.0.0.202411081344/tools/bin/../lib/gcc/arm-none-eabi/13.3.1/thumb/v7e-m+fp/hard/crtbegin.o
LOAD C:/ST/STM32CubeIDE_1.17.0/STM32CubeIDE/plugins/com.st.stm32cube.ide.mcu.externaltools.gnu-tools-for-stm32.13.3.rel1.win32_1.0.0.202411081344/tools/bin/../lib/gcc/arm-none-eabi/13.3.1/../../../../arm-none-eabi/lib/thumb/v7e-m+fp/hard/crt0.o
LOAD ./Core/Src/Drivers/delay.o
LOAD ./Core/Src/Drivers/dht11.o
LOAD ./Core/Src/Drivers/font5x7.o
LOAD ./Core/Src/Drivers/gpio.o
LOAD ./Core/Src/Drivers/hcsr04.o
LOAD ./Core/Src/Drivers/hcsr501.o
LOAD ./Core/Src/Drivers/i2c.o
LOAD ./Core/Src/Drivers/ssd1306.o
LOAD ./Core/Src/Drivers/uart.o
LOAD ./Core/Src/Drivers/uart_cli.o
LOAD ./Core/Src/Tasks/Task_DHT11.o
LOAD ./Core/Src/Tasks/Task_HCSR04.o
LOAD ./Core/Src/Tasks/Task_HCSR501.o
LOAD ./Core/Src/Tasks/Task_LED.o
LOAD ./Core/Src/Tasks/Task_UART.o
LOAD ./Core/Src/Tasks/tasks.o
LOAD ./Core/Src/freertos.o
LOAD ./Core/Src/info.o
LOAD ./Core/Src/main.o
LOAD ./Core/Src/output_control.o
LOAD ./Core/Src/stm32f4xx_hal_msp.o
LOAD ./Core/Src/stm32f4xx_hal_timebase_tim.o
LOAD ./Core/Src/stm32f4xx_it.o
LOAD ./Core/Src/syscalls.o
LOAD ./Core/Src/sysmem.o
LOAD ./Core/Src/system_stm32f4xx.o
LOAD ./Core/Startup/startup_stm32f446retx.o
LOAD ./Drivers/STM32F4xx_HAL_Driver/Src/stm32f4xx_hal.o
LOAD ./Drivers/STM32F4xx_HAL_Driver/Src/stm32f4xx_hal_cortex.o
LOAD ./Drivers/STM32F4xx_HAL_Driver/Src/stm32f4xx_hal_dma.o
LOAD ./Drivers/STM32F4xx_HAL_Driver/Src/stm32f4xx_hal_dma_ex.o
LOAD ./Drivers/STM32F4xx_HAL_Driver/Src/stm32f4xx_hal_exti.o
LOAD ./Drivers/STM32F4xx_HAL_Driver/Src/stm32f4xx_hal_flash.o
LOAD ./Drivers/STM32F4xx_HAL_Driver/Src/stm32f4xx_hal_flash_ex.o
LOAD ./Drivers/STM32F4xx_HAL_Driver/Src/stm32f4xx_hal_flash_ramfunc.o
LOAD ./Drivers/STM32F4xx_HAL_Driver/Src/stm32f4xx_hal_gpio.o
LOAD ./Drivers/STM32F4xx_HAL_Driver/Src/stm32f4xx_hal_pwr.o
LOAD ./Drivers/STM32F4xx_HAL_Driver/Src/stm32f4xx_hal_pwr_ex.o
LOAD ./Drivers/STM32F4xx_HAL_Driver/Src/stm32f4xx_hal_rcc.o
LOAD ./Drivers/STM32F4xx_HAL_Driver/Src/stm32f4xx_hal_rcc_ex.o
LOAD ./Drivers/STM32F4xx_HAL_Driver/Src/stm32f4xx_hal_tim.o
LOAD ./Drivers/STM32F4xx_HAL_Driver/Src/stm32f4xx_hal_tim_ex.o
LOAD ./Middlewares/Third_Party/FreeRTOS/Source/CMSIS_RTOS/cmsis_os.o
LOAD ./Middlewares/Third_Party/FreeRTOS/Source/croutine.o
LOAD ./Middlewares/Third_Party/FreeRTOS/Source/event_groups.o
LOAD ./Middlewares/Third_Party/FreeRTOS/Source/list.o
LOAD ./Middlewares/Third_Party/FreeRTOS/Source/queue.o
LOAD ./Middlewares/Third_Party/FreeRTOS/Source/stream_buffer.o
LOAD ./Middlewares/Third_Party/FreeRTOS/Source/tasks.o
LOAD ./Middlewares/Third_Party/FreeRTOS/Source/timers.o
LOAD ./Middlewares/Third_Party/FreeRTOS/Source/portable/GCC/ARM_CM4F/port.o
LOAD ./Middlewares/Third_Party/FreeRTOS/Source/portable/MemMang/heap_4.o
START GROUP
LOAD C:/ST/STM32CubeIDE_1.17.0/STM32CubeIDE/plugins/com.st.stm32cube.ide.mcu.externaltools.gnu-tools-for-stm32.13.3.rel1.win32_1.0.0.202411081344/tools/bin/../lib/gcc/arm-none-eabi/13.3.1/../../../../arm-none-eabi/lib/thumb/v7e-m+fp/hard\libc_nano.a
LOAD C:/ST/STM32CubeIDE_1.17.0/STM32CubeIDE/plugins/com.st.stm32cube.ide.mcu.externaltools.gnu-tools-for-stm32.13.3.rel1.win32_1.0.0.202411081344/tools/bin/../lib/gcc/arm-none-eabi/13.3.1/../../../../arm-none-eabi/lib/thumb/v7e-m+fp/hard\libm.a
END GROUP
START GROUP
LOAD C:/ST/STM32CubeIDE_1.17.0/STM32CubeIDE/plugins/com.st.stm32cube.ide.mcu.externaltools.gnu-tools-for-stm32.13.3.rel1.win32_1.0.0.202411081344/tools/bin/../lib/gcc/arm-none-eabi/13.3.1/thumb/v7e-m+fp/hard\libgcc.a
LOAD C:/ST/STM32CubeIDE_1.17.0/STM32CubeIDE/plugins/com.st.stm32cube.ide.mcu.externaltools.gnu-tools-for-stm32.13.3.rel1.win32_1.0.0.202411081344/tools/bin/../lib/gcc/arm-none-eabi/13.3.1/../../../../arm-none-eabi/lib/thumb/v7e-m+fp/hard\libc_nano.a
END GROUP
START GROUP
LOAD C:/ST/STM32CubeIDE_1.17.0/STM32CubeIDE/plugins/com.st.stm32cube.ide.mcu.externaltools.gnu-tools-for-stm32.13.3.rel1.win32_1.0.0.202411081344/tools/bin/../lib/gcc/arm-none-eabi/13.3.1/thumb/v7e-m+fp/hard\libgcc.a
LOAD C:/ST/STM32CubeIDE_1.17.0/STM32CubeIDE/plugins/com.st.stm32cube.ide.mcu.externaltools.gnu-tools-for-stm32.13.3.rel1.win32_1.0.0.202411081344/tools/bin/../lib/gcc/arm-none-eabi/13.3.1/../../../../arm-none-eabi/lib/thumb/v7e-m+fp/hard\libc_nano.a
LOAD C:/ST/STM32CubeIDE_1.17.0/STM32CubeIDE/plugins/com.st.stm32cube.ide.mcu.externaltools.gnu-tools-for-stm32.13.3.rel1.win32_1.0.0.202411081344/tools/bin/../lib/gcc/arm-none-eabi/13.3.1/../../../../arm-none-eabi/lib/thumb/v7e-m+fp/hard\libnosys.a
END GROUP
START GROUP
LOAD C:/ST/STM32CubeIDE_1.17.0/STM32CubeIDE/plugins/com.st.stm32cube.ide.mcu.externaltools.gnu-tools-for-stm32.13.3.rel1.win32_1.0.0.202411081344/tools/bin/../lib/gcc/arm-none-eabi/13.3.1/thumb/v7e-m+fp/hard\libgcc.a
LOAD C:/ST/STM32CubeIDE_1.17.0/STM32CubeIDE/plugins/com.st.stm32cube.ide.mcu.externaltools.gnu-tools-for-stm32.13.3.rel1.win32_1.0.0.202411081344/tools/bin/../lib/gcc/arm-none-eabi/13.3.1/../../../../arm-none-eabi/lib/thumb/v7e-m+fp/hard\libc_nano.a
LOAD C:/ST/STM32CubeIDE_1.17.0/STM32CubeIDE/plugins/com.st.stm32cube.ide.mcu.externaltools.gnu-tools-for-stm32.13.3.rel1.win32_1.0.0.202411081344/tools/bin/../lib/gcc/arm-none-eabi/13.3.1/../../../../arm-none-eabi/lib/thumb/v7e-m+fp/hard\libnosys.a
END GROUP
LOAD C:/ST/STM32CubeIDE_1.17.0/STM32CubeIDE/plugins/com.st.stm32cube.ide.mcu.externaltools.gnu-tools-for-stm32.13.3.rel1.win32_1.0.0.202411081344/tools/bin/../lib/gcc/arm-none-eabi/13.3.1/thumb/v7e-m+fp/hard/crtend.o
LOAD C:/ST/STM32CubeIDE_1.17.0/STM32CubeIDE/plugins/com.st.stm32cube.ide.mcu.externaltools.gnu-tools-for-stm32.13.3.rel1.win32_1.0.0.202411081344/tools/bin/../lib/gcc/arm-none-eabi/13.3.1/thumb/v7e-m+fp/hard/crtn.o
                0x20020000                        _estack = (ORIGIN (RAM) + LENGTH (RAM))
                0x00000200                        _Min_Heap_Size = 0x200
                0x00000400                        _Min_Stack_Size = 0x400

.isr_vector     0x08000000      0x1c4
                0x08000000                        . = ALIGN (0x4)
 *(.isr_vector)
 .isr_vector    0x08000000      0x1c4 ./Core/Startup/startup_stm32f446retx.o
                0x08000000                g_pfnVectors
                0x080001c4                        . = ALIGN (0x4)

.text           0x080001d0     0x32e8
                0x080001d0                        . = ALIGN (0x4)
 *(.text)
 .text          0x080001d0       0x40 C:/ST/STM32CubeIDE_1.17.0/STM32CubeIDE/plugins/com.st.stm32cube.ide.mcu.externaltools.gnu-tools-for-stm32.13.3.rel1.win32_1.0.0.202411081344/tools/bin/../lib/gcc/arm-none-eabi/13.3.1/thumb/v7e-m+fp/hard/crtbegin.o
 .text          0x08000210       0x14 C:/ST/STM32CubeIDE_1.17.0/STM32CubeIDE/plugins/com.st.stm32cube.ide.mcu.externaltools.gnu-tools-for-stm32.13.3.rel1.win32_1.0.0.202411081344/tools/bin/../lib/gcc/arm-none-eabi/13.3.1/../../../../arm-none-eabi/lib/thumb/v7e-m+fp/hard\libc_nano.a(libc_a-strcmp.o)
                0x08000210                strcmp
 *fill*         0x08000224        0xc 
 .text          0x08000230       0xa0 C:/ST/STM32CubeIDE_1.17.0/STM32CubeIDE/plugins/com.st.stm32cube.ide.mcu.externaltools.gnu-tools-for-stm32.13.3.rel1.win32_1.0.0.202411081344/tools/bin/../lib/gcc/arm-none-eabi/13.3.1/../../../../arm-none-eabi/lib/thumb/v7e-m+fp/hard\libc_nano.a(libc_a-memchr.o)
                0x08000230                memchr
 *(.text*)
 .text.DWT_Init
                0x080002d0       0x30 ./Core/Src/Drivers/delay.o
                0x080002d0                DWT_Init
 .text.delay_us
                0x08000300       0x4c ./Core/Src/Drivers/delay.o
                0x08000300                delay_us
 .text.DHT11_Init
                0x0800034c       0x58 ./Core/Src/Drivers/dht11.o
                0x0800034c                DHT11_Init
 .text.DHT11_CheckResponse
                0x080003a4       0x4c ./Core/Src/Drivers/dht11.o
 .text.DHT11_ReadByte
                0x080003f0       0x78 ./Core/Src/Drivers/dht11.o
 .text.DHT11_Read
                0x08000468       0xf4 ./Core/Src/Drivers/dht11.o
                0x08000468                DHT11_Read
 .text.GPIO_Init
                0x0800055c       0x84 ./Core/Src/Drivers/gpio.o
                0x0800055c                GPIO_Init
 .text.LED_Toggle
                0x080005e0       0x20 ./Core/Src/Drivers/gpio.o
                0x080005e0                LED_Toggle
 .text.Buzzer_On
                0x08000600       0x20 ./Core/Src/Drivers/gpio.o
                0x08000600                Buzzer_On
 .text.Buzzer_Off
                0x08000620       0x20 ./Core/Src/Drivers/gpio.o
                0x08000620                Buzzer_Off
 .text.HC_SR04_Init
                0x08000640       0x8c ./Core/Src/Drivers/hcsr04.o
                0x08000640                HC_SR04_Init
 .text.HC_SR04_ReadDistance
                0x080006cc       0x9c ./Core/Src/Drivers/hcsr04.o
                0x080006cc                HC_SR04_ReadDistance
 .text.HCSR501_Init
                0x08000768       0x48 ./Core/Src/Drivers/hcsr501.o
                0x08000768                HCSR501_Init
 .text.I2C1_start
                0x080007b0       0x58 ./Core/Src/Drivers/i2c.o
                0x080007b0                I2C1_start
 .text.I2C1_write
                0x08000808       0x40 ./Core/Src/Drivers/i2c.o
                0x08000808                I2C1_write
 .text.I2C1_stop
                0x08000848       0x20 ./Core/Src/Drivers/i2c.o
                0x08000848                I2C1_stop
 .text.ssd1306_set_cursor
                0x08000868       0x42 ./Core/Src/Drivers/ssd1306.o
                0x08000868                ssd1306_set_cursor
 *fill*         0x080008aa        0x2 
 .text.ssd1306_draw_char
                0x080008ac       0x70 ./Core/Src/Drivers/ssd1306.o
                0x080008ac                ssd1306_draw_char
 .text.ssd1306_draw_string
                0x0800091c       0x3c ./Core/Src/Drivers/ssd1306.o
                0x0800091c                ssd1306_draw_string
 .text.ssd1306_send_command
                0x08000958       0x2c ./Core/Src/Drivers/ssd1306.o
                0x08000958                ssd1306_send_command
 .text.ssd1306_send_data
                0x08000984       0x2c ./Core/Src/Drivers/ssd1306.o
                0x08000984                ssd1306_send_data
 .text.ssd1306_clear
                0x080009b0       0x54 ./Core/Src/Drivers/ssd1306.o
                0x080009b0                ssd1306_clear
 .text.ssd1306_display_sensor_data
                0x08000a04       0x2a ./Core/Src/Drivers/ssd1306.o
                0x08000a04                ssd1306_display_sensor_data
 *fill*         0x08000a2e        0x2 
 .text.UART2_Init
                0x08000a30       0x64 ./Core/Src/Drivers/uart.o
                0x08000a30                UART2_Init
 .text.UART2_SendChar
                0x08000a94       0x30 ./Core/Src/Drivers/uart.o
                0x08000a94                UART2_SendChar
 .text.UART2_SendString
                0x08000ac4       0x2a ./Core/Src/Drivers/uart.o
                0x08000ac4                UART2_SendString
 *fill*         0x08000aee        0x2 
 .text.UART2_ReceiveChar
                0x08000af0       0x28 ./Core/Src/Drivers/uart.o
                0x08000af0                UART2_ReceiveChar
 .text.__NVIC_SystemReset
                0x08000b18       0x2c ./Core/Src/Drivers/uart_cli.o
 .text.handle_cli_command
                0x08000b44      0x178 ./Core/Src/Drivers/uart_cli.o
                0x08000b44                handle_cli_command
 .text.vTask_DHT11
                0x08000cbc      0x108 ./Core/Src/Tasks/Task_DHT11.o
                0x08000cbc                vTask_DHT11
 .text.vTask_HCSR04
                0x08000dc4       0xd0 ./Core/Src/Tasks/Task_HCSR04.o
                0x08000dc4                vTask_HCSR04
 .text.vTask_HCSR501
                0x08000e94       0xa0 ./Core/Src/Tasks/Task_HCSR501.o
                0x08000e94                vTask_HCSR501
 .text.vTask_LED
                0x08000f34       0x24 ./Core/Src/Tasks/Task_LED.o
                0x08000f34                vTask_LED
 .text.vTask_UART
                0x08000f58       0xc4 ./Core/Src/Tasks/Task_UART.o
                0x08000f58                vTask_UART
 .text.StartDefaultTasks
                0x0800101c       0xb8 ./Core/Src/Tasks/tasks.o
                0x0800101c                StartDefaultTasks
 .text.vApplicationGetIdleTaskMemory
                0x080010d4       0x34 ./Core/Src/freertos.o
                0x080010d4                vApplicationGetIdleTaskMemory
 .text.DisplayHelp
                0x08001108       0x78 ./Core/Src/info.o
                0x08001108                DisplayHelp
 .text.DisplayProjectInfo
                0x08001180      0x10c ./Core/Src/info.o
                0x08001180                DisplayProjectInfo
 .text.__NVIC_EnableIRQ
                0x0800128c       0x3c ./Core/Src/main.o
 .text.vApplicationStackOverflowHook
                0x080012c8       0x28 ./Core/Src/main.o
                0x080012c8                vApplicationStackOverflowHook
 .text.TIM1_Init_For_RTOS_Tick
                0x080012f0       0x48 ./Core/Src/main.o
                0x080012f0                TIM1_Init_For_RTOS_Tick
 .text.main     0x08001338       0x28 ./Core/Src/main.o
                0x08001338                main
 .text.NMI_Handler
                0x08001360        0x8 ./Core/Src/stm32f4xx_it.o
                0x08001360                NMI_Handler
 .text.HardFault_Handler
                0x08001368        0x8 ./Core/Src/stm32f4xx_it.o
                0x08001368                HardFault_Handler
 .text.MemManage_Handler
                0x08001370        0x8 ./Core/Src/stm32f4xx_it.o
                0x08001370                MemManage_Handler
 .text.BusFault_Handler
                0x08001378        0x8 ./Core/Src/stm32f4xx_it.o
                0x08001378                BusFault_Handler
 .text.UsageFault_Handler
                0x08001380        0x8 ./Core/Src/stm32f4xx_it.o
                0x08001380                UsageFault_Handler
 .text.DebugMon_Handler
                0x08001388        0xe ./Core/Src/stm32f4xx_it.o
                0x08001388                DebugMon_Handler
 *fill*         0x08001396        0x2 
 .text.TIM1_UP_TIM10_IRQHandler
                0x08001398       0x14 ./Core/Src/stm32f4xx_it.o
                0x08001398                TIM1_UP_TIM10_IRQHandler
 .text._sbrk    0x080013ac       0x6c ./Core/Src/sysmem.o
                0x080013ac                _sbrk
 .text.SystemInit
                0x08001418       0x24 ./Core/Src/system_stm32f4xx.o
                0x08001418                SystemInit
 .text.Reset_Handler
                0x0800143c       0x50 ./Core/Startup/startup_stm32f446retx.o
                0x0800143c                Reset_Handler
 .text.Default_Handler
                0x0800148c        0x2 ./Core/Startup/startup_stm32f446retx.o
                0x0800148c                RTC_Alarm_IRQHandler
                0x0800148c                EXTI2_IRQHandler
                0x0800148c                TIM8_CC_IRQHandler
                0x0800148c                FMPI2C1_EV_IRQHandler
                0x0800148c                SPI4_IRQHandler
                0x0800148c                TIM1_CC_IRQHandler
                0x0800148c                DMA2_Stream5_IRQHandler
                0x0800148c                DMA1_Stream5_IRQHandler
                0x0800148c                PVD_IRQHandler
                0x0800148c                SDIO_IRQHandler
                0x0800148c                TAMP_STAMP_IRQHandler
                0x0800148c                CAN2_RX1_IRQHandler
                0x0800148c                EXTI3_IRQHandler
                0x0800148c                TIM8_TRG_COM_TIM14_IRQHandler
                0x0800148c                TIM8_UP_TIM13_IRQHandler
                0x0800148c                I2C3_ER_IRQHandler
                0x0800148c                EXTI0_IRQHandler
                0x0800148c                I2C2_EV_IRQHandler
                0x0800148c                DMA1_Stream2_IRQHandler
                0x0800148c                CAN1_RX0_IRQHandler
                0x0800148c                FPU_IRQHandler
                0x0800148c                OTG_HS_WKUP_IRQHandler
                0x0800148c                CAN2_SCE_IRQHandler
                0x0800148c                DMA2_Stream2_IRQHandler
                0x0800148c                SPI1_IRQHandler
                0x0800148c                TIM6_DAC_IRQHandler
                0x0800148c                TIM1_BRK_TIM9_IRQHandler
                0x0800148c                DCMI_IRQHandler
                0x0800148c                CAN2_RX0_IRQHandler
                0x0800148c                DMA2_Stream3_IRQHandler
                0x0800148c                SAI2_IRQHandler
                0x0800148c                USART6_IRQHandler
                0x0800148c                USART3_IRQHandler
                0x0800148c                CAN1_RX1_IRQHandler
                0x0800148c                UART5_IRQHandler
                0x0800148c                DMA2_Stream0_IRQHandler
                0x0800148c                TIM4_IRQHandler
                0x0800148c                QUADSPI_IRQHandler
                0x0800148c                I2C1_EV_IRQHandler
                0x0800148c                DMA1_Stream6_IRQHandler
                0x0800148c                DMA1_Stream1_IRQHandler
                0x0800148c                UART4_IRQHandler
                0x0800148c                TIM3_IRQHandler
                0x0800148c                RCC_IRQHandler
                0x0800148c                TIM8_BRK_TIM12_IRQHandler
                0x0800148c                Default_Handler
                0x0800148c                CEC_IRQHandler
                0x0800148c                EXTI15_10_IRQHandler
                0x0800148c                ADC_IRQHandler
                0x0800148c                DMA1_Stream7_IRQHandler
                0x0800148c                TIM7_IRQHandler
                0x0800148c                CAN2_TX_IRQHandler
                0x0800148c                TIM5_IRQHandler
                0x0800148c                DMA2_Stream7_IRQHandler
                0x0800148c                I2C3_EV_IRQHandler
                0x0800148c                EXTI9_5_IRQHandler
                0x0800148c                RTC_WKUP_IRQHandler
                0x0800148c                SPDIF_RX_IRQHandler
                0x0800148c                SPI2_IRQHandler
                0x0800148c                OTG_HS_EP1_IN_IRQHandler
                0x0800148c                DMA1_Stream0_IRQHandler
                0x0800148c                CAN1_TX_IRQHandler
                0x0800148c                FMPI2C1_ER_IRQHandler
                0x0800148c                EXTI4_IRQHandler
                0x0800148c                OTG_HS_EP1_OUT_IRQHandler
                0x0800148c                WWDG_IRQHandler
                0x0800148c                TIM2_IRQHandler
                0x0800148c                OTG_FS_WKUP_IRQHandler
                0x0800148c                TIM1_TRG_COM_TIM11_IRQHandler
                0x0800148c                OTG_HS_IRQHandler
                0x0800148c                EXTI1_IRQHandler
                0x0800148c                USART2_IRQHandler
                0x0800148c                I2C2_ER_IRQHandler
                0x0800148c                DMA2_Stream1_IRQHandler
                0x0800148c                CAN1_SCE_IRQHandler
                0x0800148c                FLASH_IRQHandler
                0x0800148c                DMA2_Stream4_IRQHandler
                0x0800148c                USART1_IRQHandler
                0x0800148c                OTG_FS_IRQHandler
                0x0800148c                SPI3_IRQHandler
                0x0800148c                DMA1_Stream4_IRQHandler
                0x0800148c                I2C1_ER_IRQHandler
                0x0800148c                FMC_IRQHandler
                0x0800148c                DMA2_Stream6_IRQHandler
                0x0800148c                SAI1_IRQHandler
                0x0800148c                DMA1_Stream3_IRQHandler
 .text.HAL_TIM_IRQHandler
                0x0800148e      0x1e0 ./Drivers/STM32F4xx_HAL_Driver/Src/stm32f4xx_hal_tim.o
                0x0800148e                HAL_TIM_IRQHandler
 .text.HAL_TIM_PeriodElapsedCallback
                0x0800166e       0x14 ./Drivers/STM32F4xx_HAL_Driver/Src/stm32f4xx_hal_tim.o
                0x0800166e                HAL_TIM_PeriodElapsedCallback
 .text.HAL_TIM_OC_DelayElapsedCallback
                0x08001682       0x14 ./Drivers/STM32F4xx_HAL_Driver/Src/stm32f4xx_hal_tim.o
                0x08001682                HAL_TIM_OC_DelayElapsedCallback
 .text.HAL_TIM_IC_CaptureCallback
                0x08001696       0x14 ./Drivers/STM32F4xx_HAL_Driver/Src/stm32f4xx_hal_tim.o
                0x08001696                HAL_TIM_IC_CaptureCallback
 .text.HAL_TIM_PWM_PulseFinishedCallback
                0x080016aa       0x14 ./Drivers/STM32F4xx_HAL_Driver/Src/stm32f4xx_hal_tim.o
                0x080016aa                HAL_TIM_PWM_PulseFinishedCallback
 .text.HAL_TIM_TriggerCallback
                0x080016be       0x14 ./Drivers/STM32F4xx_HAL_Driver/Src/stm32f4xx_hal_tim.o
                0x080016be                HAL_TIM_TriggerCallback
 .text.HAL_TIMEx_CommutCallback
                0x080016d2       0x14 ./Drivers/STM32F4xx_HAL_Driver/Src/stm32f4xx_hal_tim_ex.o
                0x080016d2                HAL_TIMEx_CommutCallback
 .text.HAL_TIMEx_BreakCallback
                0x080016e6       0x14 ./Drivers/STM32F4xx_HAL_Driver/Src/stm32f4xx_hal_tim_ex.o
                0x080016e6                HAL_TIMEx_BreakCallback
 .text.vListInitialise
                0x080016fa       0x40 ./Middlewares/Third_Party/FreeRTOS/Source/list.o
                0x080016fa                vListInitialise
 .text.vListInitialiseItem
                0x0800173a       0x1a ./Middlewares/Third_Party/FreeRTOS/Source/list.o
                0x0800173a                vListInitialiseItem
 .text.vListInsertEnd
                0x08001754       0x48 ./Middlewares/Third_Party/FreeRTOS/Source/list.o
                0x08001754                vListInsertEnd
 .text.vListInsert
                0x0800179c       0x72 ./Middlewares/Third_Party/FreeRTOS/Source/list.o
                0x0800179c                vListInsert
 .text.uxListRemove
                0x0800180e       0x54 ./Middlewares/Third_Party/FreeRTOS/Source/list.o
                0x0800180e                uxListRemove
 .text.xTaskCreateStatic
                0x08001862       0xc0 ./Middlewares/Third_Party/FreeRTOS/Source/tasks.o
                0x08001862                xTaskCreateStatic
 .text.xTaskCreate
                0x08001922       0x8a ./Middlewares/Third_Party/FreeRTOS/Source/tasks.o
                0x08001922                xTaskCreate
 .text.prvInitialiseNewTask
                0x080019ac      0x120 ./Middlewares/Third_Party/FreeRTOS/Source/tasks.o
 .text.prvAddNewTaskToReadyList
                0x08001acc       0xd4 ./Middlewares/Third_Party/FreeRTOS/Source/tasks.o
 .text.vTaskDelay
                0x08001ba0       0x6c ./Middlewares/Third_Party/FreeRTOS/Source/tasks.o
                0x08001ba0                vTaskDelay
 .text.vTaskStartScheduler
                0x08001c0c       0xc4 ./Middlewares/Third_Party/FreeRTOS/Source/tasks.o
                0x08001c0c                vTaskStartScheduler
 .text.vTaskSuspendAll
                0x08001cd0       0x1c ./Middlewares/Third_Party/FreeRTOS/Source/tasks.o
                0x08001cd0                vTaskSuspendAll
 .text.xTaskResumeAll
                0x08001cec      0x13c ./Middlewares/Third_Party/FreeRTOS/Source/tasks.o
                0x08001cec                xTaskResumeAll
 .text.xTaskIncrementTick
                0x08001e28      0x174 ./Middlewares/Third_Party/FreeRTOS/Source/tasks.o
                0x08001e28                xTaskIncrementTick
 .text.vTaskSwitchContext
                0x08001f9c      0x104 ./Middlewares/Third_Party/FreeRTOS/Source/tasks.o
                0x08001f9c                vTaskSwitchContext
 .text.prvIdleTask
                0x080020a0       0x30 ./Middlewares/Third_Party/FreeRTOS/Source/tasks.o
 .text.prvInitialiseTaskLists
                0x080020d0       0x80 ./Middlewares/Third_Party/FreeRTOS/Source/tasks.o
 .text.prvCheckTasksWaitingTermination
                0x08002150       0x5c ./Middlewares/Third_Party/FreeRTOS/Source/tasks.o
 .text.prvDeleteTCB
                0x080021ac       0x60 ./Middlewares/Third_Party/FreeRTOS/Source/tasks.o
 .text.prvResetNextTaskUnblockTime
                0x0800220c       0x40 ./Middlewares/Third_Party/FreeRTOS/Source/tasks.o
 .text.prvAddCurrentTaskToDelayedList
                0x0800224c       0xcc ./Middlewares/Third_Party/FreeRTOS/Source/tasks.o
 .text.pxPortInitialiseStack
                0x08002318       0x68 ./Middlewares/Third_Party/FreeRTOS/Source/portable/GCC/ARM_CM4F/port.o
                0x08002318                pxPortInitialiseStack
 .text.prvTaskExitError
                0x08002380       0x5c ./Middlewares/Third_Party/FreeRTOS/Source/portable/GCC/ARM_CM4F/port.o
 *fill*         0x080023dc        0x4 
 .text.SVC_Handler
                0x080023e0       0x28 ./Middlewares/Third_Party/FreeRTOS/Source/portable/GCC/ARM_CM4F/port.o
                0x080023e0                SVC_Handler
 .text.prvPortStartFirstTask
                0x08002408       0x28 ./Middlewares/Third_Party/FreeRTOS/Source/portable/GCC/ARM_CM4F/port.o
 .text.xPortStartScheduler
                0x08002430      0x148 ./Middlewares/Third_Party/FreeRTOS/Source/portable/GCC/ARM_CM4F/port.o
                0x08002430                xPortStartScheduler
 .text.vPortEnterCritical
                0x08002578       0x64 ./Middlewares/Third_Party/FreeRTOS/Source/portable/GCC/ARM_CM4F/port.o
                0x08002578                vPortEnterCritical
 .text.vPortExitCritical
                0x080025dc       0x54 ./Middlewares/Third_Party/FreeRTOS/Source/portable/GCC/ARM_CM4F/port.o
                0x080025dc                vPortExitCritical
 .text.PendSV_Handler
                0x08002630       0x68 ./Middlewares/Third_Party/FreeRTOS/Source/portable/GCC/ARM_CM4F/port.o
                0x08002630                PendSV_Handler
 .text.SysTick_Handler
                0x08002698       0x44 ./Middlewares/Third_Party/FreeRTOS/Source/portable/GCC/ARM_CM4F/port.o
                0x08002698                SysTick_Handler
 .text.vPortSetupTimerInterrupt
                0x080026dc       0x48 ./Middlewares/Third_Party/FreeRTOS/Source/portable/GCC/ARM_CM4F/port.o
                0x080026dc                vPortSetupTimerInterrupt
 .text.vPortEnableVFP
                0x08002724       0x14 ./Middlewares/Third_Party/FreeRTOS/Source/portable/GCC/ARM_CM4F/port.o
 .text.pvPortMalloc
                0x08002738      0x19c ./Middlewares/Third_Party/FreeRTOS/Source/portable/MemMang/heap_4.o
                0x08002738                pvPortMalloc
 .text.vPortFree
                0x080028d4       0xc8 ./Middlewares/Third_Party/FreeRTOS/Source/portable/MemMang/heap_4.o
                0x080028d4                vPortFree
 .text.prvHeapInit
                0x0800299c       0xc4 ./Middlewares/Third_Party/FreeRTOS/Source/portable/MemMang/heap_4.o
 .text.prvInsertBlockIntoFreeList
                0x08002a60       0xb4 ./Middlewares/Third_Party/FreeRTOS/Source/portable/MemMang/heap_4.o
 .text.snprintf
                0x08002b14       0x6c C:/ST/STM32CubeIDE_1.17.0/STM32CubeIDE/plugins/com.st.stm32cube.ide.mcu.externaltools.gnu-tools-for-stm32.13.3.rel1.win32_1.0.0.202411081344/tools/bin/../lib/gcc/arm-none-eabi/13.3.1/../../../../arm-none-eabi/lib/thumb/v7e-m+fp/hard\libc_nano.a(libc_a-snprintf.o)
                0x08002b14                sniprintf
                0x08002b14                snprintf
 .text.memset   0x08002b80       0x10 C:/ST/STM32CubeIDE_1.17.0/STM32CubeIDE/plugins/com.st.stm32cube.ide.mcu.externaltools.gnu-tools-for-stm32.13.3.rel1.win32_1.0.0.202411081344/tools/bin/../lib/gcc/arm-none-eabi/13.3.1/../../../../arm-none-eabi/lib/thumb/v7e-m+fp/hard\libc_nano.a(libc_a-memset.o)
                0x08002b80                memset
 .text.strncmp  0x08002b90       0x24 C:/ST/STM32CubeIDE_1.17.0/STM32CubeIDE/plugins/com.st.stm32cube.ide.mcu.externaltools.gnu-tools-for-stm32.13.3.rel1.win32_1.0.0.202411081344/tools/bin/../lib/gcc/arm-none-eabi/13.3.1/../../../../arm-none-eabi/lib/thumb/v7e-m+fp/hard\libc_nano.a(libc_a-strncmp.o)
                0x08002b90                strncmp
 .text.__errno  0x08002bb4        0xc C:/ST/STM32CubeIDE_1.17.0/STM32CubeIDE/plugins/com.st.stm32cube.ide.mcu.externaltools.gnu-tools-for-stm32.13.3.rel1.win32_1.0.0.202411081344/tools/bin/../lib/gcc/arm-none-eabi/13.3.1/../../../../arm-none-eabi/lib/thumb/v7e-m+fp/hard\libc_nano.a(libc_a-errno.o)
                0x08002bb4                __errno
 .text.__libc_init_array
                0x08002bc0       0x48 C:/ST/STM32CubeIDE_1.17.0/STM32CubeIDE/plugins/com.st.stm32cube.ide.mcu.externaltools.gnu-tools-for-stm32.13.3.rel1.win32_1.0.0.202411081344/tools/bin/../lib/gcc/arm-none-eabi/13.3.1/../../../../arm-none-eabi/lib/thumb/v7e-m+fp/hard\libc_nano.a(libc_a-init.o)
                0x08002bc0                __libc_init_array
 .text.__retarget_lock_acquire_recursive
                0x08002c08        0x2 C:/ST/STM32CubeIDE_1.17.0/STM32CubeIDE/plugins/com.st.stm32cube.ide.mcu.externaltools.gnu-tools-for-stm32.13.3.rel1.win32_1.0.0.202411081344/tools/bin/../lib/gcc/arm-none-eabi/13.3.1/../../../../arm-none-eabi/lib/thumb/v7e-m+fp/hard\libc_nano.a(libc_a-lock.o)
                0x08002c08                __retarget_lock_acquire_recursive
 .text.__retarget_lock_release_recursive
                0x08002c0a        0x2 C:/ST/STM32CubeIDE_1.17.0/STM32CubeIDE/plugins/com.st.stm32cube.ide.mcu.externaltools.gnu-tools-for-stm32.13.3.rel1.win32_1.0.0.202411081344/tools/bin/../lib/gcc/arm-none-eabi/13.3.1/../../../../arm-none-eabi/lib/thumb/v7e-m+fp/hard\libc_nano.a(libc_a-lock.o)
                0x08002c0a                __retarget_lock_release_recursive
 .text.memcpy   0x08002c0c       0x1c C:/ST/STM32CubeIDE_1.17.0/STM32CubeIDE/plugins/com.st.stm32cube.ide.mcu.externaltools.gnu-tools-for-stm32.13.3.rel1.win32_1.0.0.202411081344/tools/bin/../lib/gcc/arm-none-eabi/13.3.1/../../../../arm-none-eabi/lib/thumb/v7e-m+fp/hard\libc_nano.a(libc_a-memcpy-stub.o)
                0x08002c0c                memcpy
 .text._free_r  0x08002c28       0x94 C:/ST/STM32CubeIDE_1.17.0/STM32CubeIDE/plugins/com.st.stm32cube.ide.mcu.externaltools.gnu-tools-for-stm32.13.3.rel1.win32_1.0.0.202411081344/tools/bin/../lib/gcc/arm-none-eabi/13.3.1/../../../../arm-none-eabi/lib/thumb/v7e-m+fp/hard\libc_nano.a(libc_a-freer.o)
                0x08002c28                _free_r
 .text.sbrk_aligned
                0x08002cbc       0x44 C:/ST/STM32CubeIDE_1.17.0/STM32CubeIDE/plugins/com.st.stm32cube.ide.mcu.externaltools.gnu-tools-for-stm32.13.3.rel1.win32_1.0.0.202411081344/tools/bin/../lib/gcc/arm-none-eabi/13.3.1/../../../../arm-none-eabi/lib/thumb/v7e-m+fp/hard\libc_nano.a(libc_a-mallocr.o)
 .text._malloc_r
                0x08002d00      0x100 C:/ST/STM32CubeIDE_1.17.0/STM32CubeIDE/plugins/com.st.stm32cube.ide.mcu.externaltools.gnu-tools-for-stm32.13.3.rel1.win32_1.0.0.202411081344/tools/bin/../lib/gcc/arm-none-eabi/13.3.1/../../../../arm-none-eabi/lib/thumb/v7e-m+fp/hard\libc_nano.a(libc_a-mallocr.o)
                0x08002d00                _malloc_r
 .text.__malloc_lock
                0x08002e00        0xc C:/ST/STM32CubeIDE_1.17.0/STM32CubeIDE/plugins/com.st.stm32cube.ide.mcu.externaltools.gnu-tools-for-stm32.13.3.rel1.win32_1.0.0.202411081344/tools/bin/../lib/gcc/arm-none-eabi/13.3.1/../../../../arm-none-eabi/lib/thumb/v7e-m+fp/hard\libc_nano.a(libc_a-mlock.o)
                0x08002e00                __malloc_lock
 .text.__malloc_unlock
                0x08002e0c        0xc C:/ST/STM32CubeIDE_1.17.0/STM32CubeIDE/plugins/com.st.stm32cube.ide.mcu.externaltools.gnu-tools-for-stm32.13.3.rel1.win32_1.0.0.202411081344/tools/bin/../lib/gcc/arm-none-eabi/13.3.1/../../../../arm-none-eabi/lib/thumb/v7e-m+fp/hard\libc_nano.a(libc_a-mlock.o)
                0x08002e0c                __malloc_unlock
 .text.__ssputs_r
                0x08002e18       0xb6 C:/ST/STM32CubeIDE_1.17.0/STM32CubeIDE/plugins/com.st.stm32cube.ide.mcu.externaltools.gnu-tools-for-stm32.13.3.rel1.win32_1.0.0.202411081344/tools/bin/../lib/gcc/arm-none-eabi/13.3.1/../../../../arm-none-eabi/lib/thumb/v7e-m+fp/hard\libc_nano.a(libc_a-nano-svfprintf.o)
                0x08002e18                __ssputs_r
 *fill*         0x08002ece        0x2 
 .text._svfprintf_r
                0x08002ed0      0x1f8 C:/ST/STM32CubeIDE_1.17.0/STM32CubeIDE/plugins/com.st.stm32cube.ide.mcu.externaltools.gnu-tools-for-stm32.13.3.rel1.win32_1.0.0.202411081344/tools/bin/../lib/gcc/arm-none-eabi/13.3.1/../../../../arm-none-eabi/lib/thumb/v7e-m+fp/hard\libc_nano.a(libc_a-nano-svfprintf.o)
                0x08002ed0                _svfiprintf_r
                0x08002ed0                _svfprintf_r
 .text._printf_common
                0x080030c8       0xda C:/ST/STM32CubeIDE_1.17.0/STM32CubeIDE/plugins/com.st.stm32cube.ide.mcu.externaltools.gnu-tools-for-stm32.13.3.rel1.win32_1.0.0.202411081344/tools/bin/../lib/gcc/arm-none-eabi/13.3.1/../../../../arm-none-eabi/lib/thumb/v7e-m+fp/hard\libc_nano.a(libc_a-nano-vfprintf_i.o)
                0x080030c8                _printf_common
 *fill*         0x080031a2        0x2 
 .text._printf_i
                0x080031a4      0x23c C:/ST/STM32CubeIDE_1.17.0/STM32CubeIDE/plugins/com.st.stm32cube.ide.mcu.externaltools.gnu-tools-for-stm32.13.3.rel1.win32_1.0.0.202411081344/tools/bin/../lib/gcc/arm-none-eabi/13.3.1/../../../../arm-none-eabi/lib/thumb/v7e-m+fp/hard\libc_nano.a(libc_a-nano-vfprintf_i.o)
                0x080031a4                _printf_i
 .text.memmove  0x080033e0       0x34 C:/ST/STM32CubeIDE_1.17.0/STM32CubeIDE/plugins/com.st.stm32cube.ide.mcu.externaltools.gnu-tools-for-stm32.13.3.rel1.win32_1.0.0.202411081344/tools/bin/../lib/gcc/arm-none-eabi/13.3.1/../../../../arm-none-eabi/lib/thumb/v7e-m+fp/hard\libc_nano.a(libc_a-memmove.o)
                0x080033e0                memmove
 .text._sbrk_r  0x08003414       0x20 C:/ST/STM32CubeIDE_1.17.0/STM32CubeIDE/plugins/com.st.stm32cube.ide.mcu.externaltools.gnu-tools-for-stm32.13.3.rel1.win32_1.0.0.202411081344/tools/bin/../lib/gcc/arm-none-eabi/13.3.1/../../../../arm-none-eabi/lib/thumb/v7e-m+fp/hard\libc_nano.a(libc_a-sbrkr.o)
                0x08003414                _sbrk_r
 .text._realloc_r
                0x08003434       0x5c C:/ST/STM32CubeIDE_1.17.0/STM32CubeIDE/plugins/com.st.stm32cube.ide.mcu.externaltools.gnu-tools-for-stm32.13.3.rel1.win32_1.0.0.202411081344/tools/bin/../lib/gcc/arm-none-eabi/13.3.1/../../../../arm-none-eabi/lib/thumb/v7e-m+fp/hard\libc_nano.a(libc_a-reallocr.o)
                0x08003434                _realloc_r
 .text._malloc_usable_size_r
                0x08003490       0x10 C:/ST/STM32CubeIDE_1.17.0/STM32CubeIDE/plugins/com.st.stm32cube.ide.mcu.externaltools.gnu-tools-for-stm32.13.3.rel1.win32_1.0.0.202411081344/tools/bin/../lib/gcc/arm-none-eabi/13.3.1/../../../../arm-none-eabi/lib/thumb/v7e-m+fp/hard\libc_nano.a(libc_a-msizer.o)
                0x08003490                _malloc_usable_size_r
 *(.glue_7)
 .glue_7        0x080034a0        0x0 linker stubs
 *(.glue_7t)
 .glue_7t       0x080034a0        0x0 linker stubs
 *(.eh_frame)
 .eh_frame      0x080034a0        0x0 C:/ST/STM32CubeIDE_1.17.0/STM32CubeIDE/plugins/com.st.stm32cube.ide.mcu.externaltools.gnu-tools-for-stm32.13.3.rel1.win32_1.0.0.202411081344/tools/bin/../lib/gcc/arm-none-eabi/13.3.1/thumb/v7e-m+fp/hard/crtbegin.o
 *(.init)
 .init          0x080034a0        0x4 C:/ST/STM32CubeIDE_1.17.0/STM32CubeIDE/plugins/com.st.stm32cube.ide.mcu.externaltools.gnu-tools-for-stm32.13.3.rel1.win32_1.0.0.202411081344/tools/bin/../lib/gcc/arm-none-eabi/13.3.1/thumb/v7e-m+fp/hard/crti.o
                0x080034a0                _init
 .init          0x080034a4        0x8 C:/ST/STM32CubeIDE_1.17.0/STM32CubeIDE/plugins/com.st.stm32cube.ide.mcu.externaltools.gnu-tools-for-stm32.13.3.rel1.win32_1.0.0.202411081344/tools/bin/../lib/gcc/arm-none-eabi/13.3.1/thumb/v7e-m+fp/hard/crtn.o
 *(.fini)
 .fini          0x080034ac        0x4 C:/ST/STM32CubeIDE_1.17.0/STM32CubeIDE/plugins/com.st.stm32cube.ide.mcu.externaltools.gnu-tools-for-stm32.13.3.rel1.win32_1.0.0.202411081344/tools/bin/../lib/gcc/arm-none-eabi/13.3.1/thumb/v7e-m+fp/hard/crti.o
                0x080034ac                _fini
 .fini          0x080034b0        0x8 C:/ST/STM32CubeIDE_1.17.0/STM32CubeIDE/plugins/com.st.stm32cube.ide.mcu.externaltools.gnu-tools-for-stm32.13.3.rel1.win32_1.0.0.202411081344/tools/bin/../lib/gcc/arm-none-eabi/13.3.1/thumb/v7e-m+fp/hard/crtn.o
                0x080034b8                        . = ALIGN (0x4)
                0x080034b8                        _etext = .

.vfp11_veneer   0x080034b8        0x0
 .vfp11_veneer  0x080034b8        0x0 linker stubs

.v4_bx          0x080034b8        0x0
 .v4_bx         0x080034b8        0x0 linker stubs

.iplt           0x080034b8        0x0
 .iplt          0x080034b8        0x0 C:/ST/STM32CubeIDE_1.17.0/STM32CubeIDE/plugins/com.st.stm32cube.ide.mcu.externaltools.gnu-tools-for-stm32.13.3.rel1.win32_1.0.0.202411081344/tools/bin/../lib/gcc/arm-none-eabi/13.3.1/thumb/v7e-m+fp/hard/crtbegin.o

.rodata         0x080034b8      0x9c4
                0x080034b8                        . = ALIGN (0x4)
 *(.rodata)
 .rodata        0x080034b8      0x16a ./Core/Src/Drivers/uart_cli.o
 *fill*         0x08003622        0x2 
 .rodata        0x08003624       0x88 ./Core/Src/Tasks/Task_DHT11.o
 .rodata        0x080036ac       0x72 ./Core/Src/Tasks/Task_HCSR04.o
 *fill*         0x0800371e        0x2 
 .rodata        0x08003720       0x4e ./Core/Src/Tasks/Task_HCSR501.o
 *fill*         0x0800376e        0x2 
 .rodata        0x08003770       0x19 ./Core/Src/Tasks/Task_LED.o
 *fill*         0x08003789        0x3 
 .rodata        0x0800378c       0x14 ./Core/Src/Tasks/Task_UART.o
 .rodata        0x080037a0       0x35 ./Core/Src/Tasks/tasks.o
 *fill*         0x080037d5        0x3 
 .rodata        0x080037d8      0x5c4 ./Core/Src/info.o
 .rodata        0x08003d9c       0x1f ./Core/Src/main.o
 *fill*         0x08003dbb        0x1 
 .rodata        0x08003dbc        0x5 ./Middlewares/Third_Party/FreeRTOS/Source/tasks.o
 *(.rodata*)
 *fill*         0x08003dc1        0x3 
 .rodata.font5x7
                0x08003dc4       0x82 ./Core/Src/Drivers/font5x7.o
                0x08003dc4                font5x7
 .rodata._svfprintf_r.str1.1
                0x08003e46       0x33 C:/ST/STM32CubeIDE_1.17.0/STM32CubeIDE/plugins/com.st.stm32cube.ide.mcu.externaltools.gnu-tools-for-stm32.13.3.rel1.win32_1.0.0.202411081344/tools/bin/../lib/gcc/arm-none-eabi/13.3.1/../../../../arm-none-eabi/lib/thumb/v7e-m+fp/hard\libc_nano.a(libc_a-nano-svfprintf.o)
                                 0x11 (size before relaxing)
 .rodata._printf_i.str1.1
                0x08003e79       0x22 C:/ST/STM32CubeIDE_1.17.0/STM32CubeIDE/plugins/com.st.stm32cube.ide.mcu.externaltools.gnu-tools-for-stm32.13.3.rel1.win32_1.0.0.202411081344/tools/bin/../lib/gcc/arm-none-eabi/13.3.1/../../../../arm-none-eabi/lib/thumb/v7e-m+fp/hard\libc_nano.a(libc_a-nano-vfprintf_i.o)
                0x08003e9c                        . = ALIGN (0x4)
 *fill*         0x08003e79        0x3 

.ARM.extab      0x08003e7c        0x0
                0x08003e7c                        . = ALIGN (0x4)
 *(.ARM.extab* .gnu.linkonce.armextab.*)
                0x08003e7c                        . = ALIGN (0x4)

.ARM            0x08003e7c        0x8
                0x08003e7c                        . = ALIGN (0x4)
                0x08003e7c                        __exidx_start = .
 *(.ARM.exidx*)
 .ARM.exidx     0x08003e7c        0x8 C:/ST/STM32CubeIDE_1.17.0/STM32CubeIDE/plugins/com.st.stm32cube.ide.mcu.externaltools.gnu-tools-for-stm32.13.3.rel1.win32_1.0.0.202411081344/tools/bin/../lib/gcc/arm-none-eabi/13.3.1/../../../../arm-none-eabi/lib/thumb/v7e-m+fp/hard\libc_nano.a(libc_a-strcmp.o)
 .ARM.exidx     0x08003e84        0x0 C:/ST/STM32CubeIDE_1.17.0/STM32CubeIDE/plugins/com.st.stm32cube.ide.mcu.externaltools.gnu-tools-for-stm32.13.3.rel1.win32_1.0.0.202411081344/tools/bin/../lib/gcc/arm-none-eabi/13.3.1/../../../../arm-none-eabi/lib/thumb/v7e-m+fp/hard\libc_nano.a(libc_a-memchr.o)
                                  0x8 (size before relaxing)
                0x08003e84                        __exidx_end = .
                0x08003e84                        . = ALIGN (0x4)

.preinit_array  0x08003e84        0x0
                0x08003e84                        . = ALIGN (0x4)
                0x08003e84                        PROVIDE (__preinit_array_start = .)
 *(.preinit_array*)
                0x08003e84                        PROVIDE (__preinit_array_end = .)
                0x08003e84                        . = ALIGN (0x4)

.init_array     0x08003e84        0x4
                0x08003e84                        . = ALIGN (0x4)
                0x08003e84                        PROVIDE (__init_array_start = .)
 *(SORT_BY_NAME(.init_array.*))
 *(.init_array*)
 .init_array    0x08003e84        0x4 C:/ST/STM32CubeIDE_1.17.0/STM32CubeIDE/plugins/com.st.stm32cube.ide.mcu.externaltools.gnu-tools-for-stm32.13.3.rel1.win32_1.0.0.202411081344/tools/bin/../lib/gcc/arm-none-eabi/13.3.1/thumb/v7e-m+fp/hard/crtbegin.o
                0x08003e88                        PROVIDE (__init_array_end = .)
                0x08003e88                        . = ALIGN (0x4)

.fini_array     0x08003e88        0x4
                0x08003e88                        . = ALIGN (0x4)
                [!provide]                        PROVIDE (__fini_array_start = .)
 *(SORT_BY_NAME(.fini_array.*))
 *(.fini_array*)
 .fini_array    0x08003e88        0x4 C:/ST/STM32CubeIDE_1.17.0/STM32CubeIDE/plugins/com.st.stm32cube.ide.mcu.externaltools.gnu-tools-for-stm32.13.3.rel1.win32_1.0.0.202411081344/tools/bin/../lib/gcc/arm-none-eabi/13.3.1/thumb/v7e-m+fp/hard/crtbegin.o
                [!provide]                        PROVIDE (__fini_array_end = .)
                0x08003e8c                        . = ALIGN (0x4)
                0x08003e8c                        _sidata = LOADADDR (.data)

.rel.dyn        0x08003e8c        0x0
 .rel.iplt      0x08003e8c        0x0 C:/ST/STM32CubeIDE_1.17.0/STM32CubeIDE/plugins/com.st.stm32cube.ide.mcu.externaltools.gnu-tools-for-stm32.13.3.rel1.win32_1.0.0.202411081344/tools/bin/../lib/gcc/arm-none-eabi/13.3.1/thumb/v7e-m+fp/hard/crtbegin.o

.data           0x20000000       0x58 load address 0x08003e8c
                0x20000000                        . = ALIGN (0x4)
                0x20000000                        _sdata = .
 *(.data)
 *(.data*)
 .data.SystemCoreClock
                0x20000000        0x4 ./Core/Src/system_stm32f4xx.o
                0x20000000                SystemCoreClock
 .data.uxCriticalNesting
                0x20000004        0x4 ./Middlewares/Third_Party/FreeRTOS/Source/portable/GCC/ARM_CM4F/port.o
 .data._impure_ptr
                0x20000008        0x4 C:/ST/STM32CubeIDE_1.17.0/STM32CubeIDE/plugins/com.st.stm32cube.ide.mcu.externaltools.gnu-tools-for-stm32.13.3.rel1.win32_1.0.0.202411081344/tools/bin/../lib/gcc/arm-none-eabi/13.3.1/../../../../arm-none-eabi/lib/thumb/v7e-m+fp/hard\libc_nano.a(libc_a-impure.o)
                0x20000008                _impure_ptr
 .data._impure_data
                0x2000000c       0x4c C:/ST/STM32CubeIDE_1.17.0/STM32CubeIDE/plugins/com.st.stm32cube.ide.mcu.externaltools.gnu-tools-for-stm32.13.3.rel1.win32_1.0.0.202411081344/tools/bin/../lib/gcc/arm-none-eabi/13.3.1/../../../../arm-none-eabi/lib/thumb/v7e-m+fp/hard\libc_nano.a(libc_a-impure.o)
                0x2000000c                _impure_data
 *(.RamFunc)
 *(.RamFunc*)
                0x20000058                        . = ALIGN (0x4)
                0x20000058                        _edata = .

.igot.plt       0x20000058        0x0 load address 0x08003ee4
 .igot.plt      0x20000058        0x0 C:/ST/STM32CubeIDE_1.17.0/STM32CubeIDE/plugins/com.st.stm32cube.ide.mcu.externaltools.gnu-tools-for-stm32.13.3.rel1.win32_1.0.0.202411081344/tools/bin/../lib/gcc/arm-none-eabi/13.3.1/thumb/v7e-m+fp/hard/crtbegin.o
                0x20000058                        . = ALIGN (0x4)

.bss            0x20000058     0x4170 load address 0x08003ee4
                0x20000058                        _sbss = .
                0x20000058                        __bss_start__ = _sbss
 *(.bss)
 .bss           0x20000058       0x1c C:/ST/STM32CubeIDE_1.17.0/STM32CubeIDE/plugins/com.st.stm32cube.ide.mcu.externaltools.gnu-tools-for-stm32.13.3.rel1.win32_1.0.0.202411081344/tools/bin/../lib/gcc/arm-none-eabi/13.3.1/thumb/v7e-m+fp/hard/crtbegin.o
 *(.bss*)
 .bss.dht_temp  0x20000074        0x1 ./Core/Src/Tasks/Task_DHT11.o
                0x20000074                dht_temp
 .bss.dht_hum   0x20000075        0x1 ./Core/Src/Tasks/Task_DHT11.o
                0x20000075                dht_hum
 *fill*         0x20000076        0x2 
 .bss.ledTaskHandle
                0x20000078        0x4 ./Core/Src/Tasks/tasks.o
                0x20000078                ledTaskHandle
 .bss.dhtTaskHandle
                0x2000007c        0x4 ./Core/Src/Tasks/tasks.o
                0x2000007c                dhtTaskHandle
 .bss.uartTaskHandle
                0x20000080        0x4 ./Core/Src/Tasks/tasks.o
                0x20000080                uartTaskHandle
 .bss.pirTaskHandle
                0x20000084        0x4 ./Core/Src/Tasks/tasks.o
                0x20000084                pirTaskHandle
 .bss.xIdleTaskTCBBuffer
                0x20000088       0x54 ./Core/Src/freertos.o
 .bss.xIdleStack
                0x200000dc      0x200 ./Core/Src/freertos.o
 .bss.dht11_output
                0x200002dc        0x1 ./Core/Src/output_control.o
                0x200002dc                dht11_output
 .bss.hcsr04_output
                0x200002dd        0x1 ./Core/Src/output_control.o
                0x200002dd                hcsr04_output
 .bss.hcsr501_output
                0x200002de        0x1 ./Core/Src/output_control.o
                0x200002de                hcsr501_output
 *fill*         0x200002df        0x1 
 .bss.htim1     0x200002e0       0x48 ./Core/Src/stm32f4xx_hal_timebase_tim.o
                0x200002e0                htim1
 .bss.__sbrk_heap_end
                0x20000328        0x4 ./Core/Src/sysmem.o
 .bss.pxCurrentTCB
                0x2000032c        0x4 ./Middlewares/Third_Party/FreeRTOS/Source/tasks.o
                0x2000032c                pxCurrentTCB
 .bss.pxReadyTasksLists
                0x20000330       0x8c ./Middlewares/Third_Party/FreeRTOS/Source/tasks.o
 .bss.xDelayedTaskList1
                0x200003bc       0x14 ./Middlewares/Third_Party/FreeRTOS/Source/tasks.o
 .bss.xDelayedTaskList2
                0x200003d0       0x14 ./Middlewares/Third_Party/FreeRTOS/Source/tasks.o
 .bss.pxDelayedTaskList
                0x200003e4        0x4 ./Middlewares/Third_Party/FreeRTOS/Source/tasks.o
 .bss.pxOverflowDelayedTaskList
                0x200003e8        0x4 ./Middlewares/Third_Party/FreeRTOS/Source/tasks.o
 .bss.xPendingReadyList
                0x200003ec       0x14 ./Middlewares/Third_Party/FreeRTOS/Source/tasks.o
 .bss.xTasksWaitingTermination
                0x20000400       0x14 ./Middlewares/Third_Party/FreeRTOS/Source/tasks.o
 .bss.uxDeletedTasksWaitingCleanUp
                0x20000414        0x4 ./Middlewares/Third_Party/FreeRTOS/Source/tasks.o
 .bss.xSuspendedTaskList
                0x20000418       0x14 ./Middlewares/Third_Party/FreeRTOS/Source/tasks.o
 .bss.uxCurrentNumberOfTasks
                0x2000042c        0x4 ./Middlewares/Third_Party/FreeRTOS/Source/tasks.o
 .bss.xTickCount
                0x20000430        0x4 ./Middlewares/Third_Party/FreeRTOS/Source/tasks.o
 .bss.uxTopReadyPriority
                0x20000434        0x4 ./Middlewares/Third_Party/FreeRTOS/Source/tasks.o
 .bss.xSchedulerRunning
                0x20000438        0x4 ./Middlewares/Third_Party/FreeRTOS/Source/tasks.o
 .bss.xPendedTicks
                0x2000043c        0x4 ./Middlewares/Third_Party/FreeRTOS/Source/tasks.o
 .bss.xYieldPending
                0x20000440        0x4 ./Middlewares/Third_Party/FreeRTOS/Source/tasks.o
 .bss.xNumOfOverflows
                0x20000444        0x4 ./Middlewares/Third_Party/FreeRTOS/Source/tasks.o
 .bss.uxTaskNumber
                0x20000448        0x4 ./Middlewares/Third_Party/FreeRTOS/Source/tasks.o
 .bss.xNextTaskUnblockTime
                0x2000044c        0x4 ./Middlewares/Third_Party/FreeRTOS/Source/tasks.o
 .bss.xIdleTaskHandle
                0x20000450        0x4 ./Middlewares/Third_Party/FreeRTOS/Source/tasks.o
 .bss.uxSchedulerSuspended
                0x20000454        0x4 ./Middlewares/Third_Party/FreeRTOS/Source/tasks.o
 .bss.ucMaxSysCallPriority
                0x20000458        0x1 ./Middlewares/Third_Party/FreeRTOS/Source/portable/GCC/ARM_CM4F/port.o
 *fill*         0x20000459        0x3 
 .bss.ulMaxPRIGROUPValue
                0x2000045c        0x4 ./Middlewares/Third_Party/FreeRTOS/Source/portable/GCC/ARM_CM4F/port.o
 .bss.ucHeap    0x20000460     0x3c00 ./Middlewares/Third_Party/FreeRTOS/Source/portable/MemMang/heap_4.o
 .bss.xStart    0x20004060        0x8 ./Middlewares/Third_Party/FreeRTOS/Source/portable/MemMang/heap_4.o
 .bss.pxEnd     0x20004068        0x4 ./Middlewares/Third_Party/FreeRTOS/Source/portable/MemMang/heap_4.o
 .bss.xFreeBytesRemaining
                0x2000406c        0x4 ./Middlewares/Third_Party/FreeRTOS/Source/portable/MemMang/heap_4.o
 .bss.xMinimumEverFreeBytesRemaining
                0x20004070        0x4 ./Middlewares/Third_Party/FreeRTOS/Source/portable/MemMang/heap_4.o
 .bss.xNumberOfSuccessfulAllocations
                0x20004074        0x4 ./Middlewares/Third_Party/FreeRTOS/Source/portable/MemMang/heap_4.o
 .bss.xNumberOfSuccessfulFrees
                0x20004078        0x4 ./Middlewares/Third_Party/FreeRTOS/Source/portable/MemMang/heap_4.o
 .bss.xBlockAllocatedBit
                0x2000407c        0x4 ./Middlewares/Third_Party/FreeRTOS/Source/portable/MemMang/heap_4.o
 .bss.__sf      0x20004080      0x138 C:/ST/STM32CubeIDE_1.17.0/STM32CubeIDE/plugins/com.st.stm32cube.ide.mcu.externaltools.gnu-tools-for-stm32.13.3.rel1.win32_1.0.0.202411081344/tools/bin/../lib/gcc/arm-none-eabi/13.3.1/../../../../arm-none-eabi/lib/thumb/v7e-m+fp/hard\libc_nano.a(libc_a-findfp.o)
                0x20004080                __sf
 .bss.errno     0x200041b8        0x4 C:/ST/STM32CubeIDE_1.17.0/STM32CubeIDE/plugins/com.st.stm32cube.ide.mcu.externaltools.gnu-tools-for-stm32.13.3.rel1.win32_1.0.0.202411081344/tools/bin/../lib/gcc/arm-none-eabi/13.3.1/../../../../arm-none-eabi/lib/thumb/v7e-m+fp/hard\libc_nano.a(libc_a-reent.o)
                0x200041b8                errno
 .bss.__lock___malloc_recursive_mutex
                0x200041bc        0x1 C:/ST/STM32CubeIDE_1.17.0/STM32CubeIDE/plugins/com.st.stm32cube.ide.mcu.externaltools.gnu-tools-for-stm32.13.3.rel1.win32_1.0.0.202411081344/tools/bin/../lib/gcc/arm-none-eabi/13.3.1/../../../../arm-none-eabi/lib/thumb/v7e-m+fp/hard\libc_nano.a(libc_a-lock.o)
                0x200041bc                __lock___malloc_recursive_mutex
 *fill*         0x200041bd        0x3 
 .bss.__malloc_sbrk_start
                0x200041c0        0x4 C:/ST/STM32CubeIDE_1.17.0/STM32CubeIDE/plugins/com.st.stm32cube.ide.mcu.externaltools.gnu-tools-for-stm32.13.3.rel1.win32_1.0.0.202411081344/tools/bin/../lib/gcc/arm-none-eabi/13.3.1/../../../../arm-none-eabi/lib/thumb/v7e-m+fp/hard\libc_nano.a(libc_a-mallocr.o)
                0x200041c0                __malloc_sbrk_start
 .bss.__malloc_free_list
                0x200041c4        0x4 C:/ST/STM32CubeIDE_1.17.0/STM32CubeIDE/plugins/com.st.stm32cube.ide.mcu.externaltools.gnu-tools-for-stm32.13.3.rel1.win32_1.0.0.202411081344/tools/bin/../lib/gcc/arm-none-eabi/13.3.1/../../../../arm-none-eabi/lib/thumb/v7e-m+fp/hard\libc_nano.a(libc_a-mallocr.o)
                0x200041c4                __malloc_free_list
 *(COMMON)
                0x200041c8                        . = ALIGN (0x4)
                0x200041c8                        _ebss = .
                0x200041c8                        __bss_end__ = _ebss

._user_heap_stack
                0x200041c8      0x600 load address 0x08003ee4
                0x200041c8                        . = ALIGN (0x8)
                [!provide]                        PROVIDE (end = .)
                0x200041c8                        PROVIDE (_end = .)
                0x200043c8                        . = (. + _Min_Heap_Size)
 *fill*         0x200041c8      0x200 
                0x200047c8                        . = (. + _Min_Stack_Size)
 *fill*         0x200043c8      0x400 
                0x200047c8                        . = ALIGN (0x8)

/DISCARD/
 libc.a(*)
 libm.a(*)
 libgcc.a(*)

.ARM.attributes
                0x00000000       0x30
 *(.ARM.attributes)
 .ARM.attributes
                0x00000000       0x22 C:/ST/STM32CubeIDE_1.17.0/STM32CubeIDE/plugins/com.st.stm32cube.ide.mcu.externaltools.gnu-tools-for-stm32.13.3.rel1.win32_1.0.0.202411081344/tools/bin/../lib/gcc/arm-none-eabi/13.3.1/thumb/v7e-m+fp/hard/crti.o
 .ARM.attributes
                0x00000022       0x34 C:/ST/STM32CubeIDE_1.17.0/STM32CubeIDE/plugins/com.st.stm32cube.ide.mcu.externaltools.gnu-tools-for-stm32.13.3.rel1.win32_1.0.0.202411081344/tools/bin/../lib/gcc/arm-none-eabi/13.3.1/thumb/v7e-m+fp/hard/crtbegin.o
 .ARM.attributes
                0x00000056       0x34 ./Core/Src/Drivers/delay.o
 .ARM.attributes
                0x0000008a       0x34 ./Core/Src/Drivers/dht11.o
 .ARM.attributes
                0x000000be       0x34 ./Core/Src/Drivers/font5x7.o
 .ARM.attributes
                0x000000f2       0x34 ./Core/Src/Drivers/gpio.o
 .ARM.attributes
                0x00000126       0x34 ./Core/Src/Drivers/hcsr04.o
 .ARM.attributes
                0x0000015a       0x34 ./Core/Src/Drivers/hcsr501.o
 .ARM.attributes
                0x0000018e       0x34 ./Core/Src/Drivers/i2c.o
 .ARM.attributes
                0x000001c2       0x34 ./Core/Src/Drivers/ssd1306.o
 .ARM.attributes
                0x000001f6       0x34 ./Core/Src/Drivers/uart.o
 .ARM.attributes
                0x0000022a       0x34 ./Core/Src/Drivers/uart_cli.o
 .ARM.attributes
                0x0000025e       0x34 ./Core/Src/Tasks/Task_DHT11.o
 .ARM.attributes
                0x00000292       0x34 ./Core/Src/Tasks/Task_HCSR04.o
 .ARM.attributes
                0x000002c6       0x34 ./Core/Src/Tasks/Task_HCSR501.o
 .ARM.attributes
                0x000002fa       0x34 ./Core/Src/Tasks/Task_LED.o
 .ARM.attributes
                0x0000032e       0x34 ./Core/Src/Tasks/Task_UART.o
 .ARM.attributes
                0x00000362       0x34 ./Core/Src/Tasks/tasks.o
 .ARM.attributes
                0x00000396       0x34 ./Core/Src/freertos.o
 .ARM.attributes
                0x000003ca       0x34 ./Core/Src/info.o
 .ARM.attributes
                0x000003fe       0x34 ./Core/Src/main.o
 .ARM.attributes
                0x00000432       0x34 ./Core/Src/output_control.o
 .ARM.attributes
                0x00000466       0x34 ./Core/Src/stm32f4xx_hal_timebase_tim.o
 .ARM.attributes
                0x0000049a       0x34 ./Core/Src/stm32f4xx_it.o
 .ARM.attributes
                0x000004ce       0x34 ./Core/Src/sysmem.o
 .ARM.attributes
                0x00000502       0x34 ./Core/Src/system_stm32f4xx.o
 .ARM.attributes
                0x00000536       0x21 ./Core/Startup/startup_stm32f446retx.o
 .ARM.attributes
                0x00000557       0x34 ./Drivers/STM32F4xx_HAL_Driver/Src/stm32f4xx_hal_tim.o
 .ARM.attributes
                0x0000058b       0x34 ./Drivers/STM32F4xx_HAL_Driver/Src/stm32f4xx_hal_tim_ex.o
 .ARM.attributes
                0x000005bf       0x34 ./Middlewares/Third_Party/FreeRTOS/Source/list.o
 .ARM.attributes
                0x000005f3       0x34 ./Middlewares/Third_Party/FreeRTOS/Source/tasks.o
 .ARM.attributes
                0x00000627       0x34 ./Middlewares/Third_Party/FreeRTOS/Source/portable/GCC/ARM_CM4F/port.o
 .ARM.attributes
                0x0000065b       0x34 ./Middlewares/Third_Party/FreeRTOS/Source/portable/MemMang/heap_4.o
 .ARM.attributes
                0x0000068f       0x34 C:/ST/STM32CubeIDE_1.17.0/STM32CubeIDE/plugins/com.st.stm32cube.ide.mcu.externaltools.gnu-tools-for-stm32.13.3.rel1.win32_1.0.0.202411081344/tools/bin/../lib/gcc/arm-none-eabi/13.3.1/../../../../arm-none-eabi/lib/thumb/v7e-m+fp/hard\libc_nano.a(libc_a-findfp.o)
 .ARM.attributes
                0x000006c3       0x34 C:/ST/STM32CubeIDE_1.17.0/STM32CubeIDE/plugins/com.st.stm32cube.ide.mcu.externaltools.gnu-tools-for-stm32.13.3.rel1.win32_1.0.0.202411081344/tools/bin/../lib/gcc/arm-none-eabi/13.3.1/../../../../arm-none-eabi/lib/thumb/v7e-m+fp/hard\libc_nano.a(libc_a-snprintf.o)
 .ARM.attributes
                0x000006f7       0x34 C:/ST/STM32CubeIDE_1.17.0/STM32CubeIDE/plugins/com.st.stm32cube.ide.mcu.externaltools.gnu-tools-for-stm32.13.3.rel1.win32_1.0.0.202411081344/tools/bin/../lib/gcc/arm-none-eabi/13.3.1/../../../../arm-none-eabi/lib/thumb/v7e-m+fp/hard\libc_nano.a(libc_a-memset.o)
 .ARM.attributes
                0x0000072b       0x34 C:/ST/STM32CubeIDE_1.17.0/STM32CubeIDE/plugins/com.st.stm32cube.ide.mcu.externaltools.gnu-tools-for-stm32.13.3.rel1.win32_1.0.0.202411081344/tools/bin/../lib/gcc/arm-none-eabi/13.3.1/../../../../arm-none-eabi/lib/thumb/v7e-m+fp/hard\libc_nano.a(libc_a-strncmp.o)
 .ARM.attributes
                0x0000075f       0x34 C:/ST/STM32CubeIDE_1.17.0/STM32CubeIDE/plugins/com.st.stm32cube.ide.mcu.externaltools.gnu-tools-for-stm32.13.3.rel1.win32_1.0.0.202411081344/tools/bin/../lib/gcc/arm-none-eabi/13.3.1/../../../../arm-none-eabi/lib/thumb/v7e-m+fp/hard\libc_nano.a(libc_a-reent.o)
 .ARM.attributes
                0x00000793       0x34 C:/ST/STM32CubeIDE_1.17.0/STM32CubeIDE/plugins/com.st.stm32cube.ide.mcu.externaltools.gnu-tools-for-stm32.13.3.rel1.win32_1.0.0.202411081344/tools/bin/../lib/gcc/arm-none-eabi/13.3.1/../../../../arm-none-eabi/lib/thumb/v7e-m+fp/hard\libc_nano.a(libc_a-impure.o)
 .ARM.attributes
                0x000007c7       0x34 C:/ST/STM32CubeIDE_1.17.0/STM32CubeIDE/plugins/com.st.stm32cube.ide.mcu.externaltools.gnu-tools-for-stm32.13.3.rel1.win32_1.0.0.202411081344/tools/bin/../lib/gcc/arm-none-eabi/13.3.1/../../../../arm-none-eabi/lib/thumb/v7e-m+fp/hard\libc_nano.a(libc_a-errno.o)
 .ARM.attributes
                0x000007fb       0x34 C:/ST/STM32CubeIDE_1.17.0/STM32CubeIDE/plugins/com.st.stm32cube.ide.mcu.externaltools.gnu-tools-for-stm32.13.3.rel1.win32_1.0.0.202411081344/tools/bin/../lib/gcc/arm-none-eabi/13.3.1/../../../../arm-none-eabi/lib/thumb/v7e-m+fp/hard\libc_nano.a(libc_a-init.o)
 .ARM.attributes
                0x0000082f       0x34 C:/ST/STM32CubeIDE_1.17.0/STM32CubeIDE/plugins/com.st.stm32cube.ide.mcu.externaltools.gnu-tools-for-stm32.13.3.rel1.win32_1.0.0.202411081344/tools/bin/../lib/gcc/arm-none-eabi/13.3.1/../../../../arm-none-eabi/lib/thumb/v7e-m+fp/hard\libc_nano.a(libc_a-lock.o)
 .ARM.attributes
                0x00000863       0x20 C:/ST/STM32CubeIDE_1.17.0/STM32CubeIDE/plugins/com.st.stm32cube.ide.mcu.externaltools.gnu-tools-for-stm32.13.3.rel1.win32_1.0.0.202411081344/tools/bin/../lib/gcc/arm-none-eabi/13.3.1/../../../../arm-none-eabi/lib/thumb/v7e-m+fp/hard\libc_nano.a(libc_a-strcmp.o)
 .ARM.attributes
                0x00000883       0x34 C:/ST/STM32CubeIDE_1.17.0/STM32CubeIDE/plugins/com.st.stm32cube.ide.mcu.externaltools.gnu-tools-for-stm32.13.3.rel1.win32_1.0.0.202411081344/tools/bin/../lib/gcc/arm-none-eabi/13.3.1/../../../../arm-none-eabi/lib/thumb/v7e-m+fp/hard\libc_nano.a(libc_a-memcpy-stub.o)
 .ARM.attributes
                0x000008b7       0x34 C:/ST/STM32CubeIDE_1.17.0/STM32CubeIDE/plugins/com.st.stm32cube.ide.mcu.externaltools.gnu-tools-for-stm32.13.3.rel1.win32_1.0.0.202411081344/tools/bin/../lib/gcc/arm-none-eabi/13.3.1/../../../../arm-none-eabi/lib/thumb/v7e-m+fp/hard\libc_nano.a(libc_a-freer.o)
 .ARM.attributes
                0x000008eb       0x34 C:/ST/STM32CubeIDE_1.17.0/STM32CubeIDE/plugins/com.st.stm32cube.ide.mcu.externaltools.gnu-tools-for-stm32.13.3.rel1.win32_1.0.0.202411081344/tools/bin/../lib/gcc/arm-none-eabi/13.3.1/../../../../arm-none-eabi/lib/thumb/v7e-m+fp/hard\libc_nano.a(libc_a-mallocr.o)
 .ARM.attributes
                0x0000091f       0x34 C:/ST/STM32CubeIDE_1.17.0/STM32CubeIDE/plugins/com.st.stm32cube.ide.mcu.externaltools.gnu-tools-for-stm32.13.3.rel1.win32_1.0.0.202411081344/tools/bin/../lib/gcc/arm-none-eabi/13.3.1/../../../../arm-none-eabi/lib/thumb/v7e-m+fp/hard\libc_nano.a(libc_a-mlock.o)
 .ARM.attributes
                0x00000953       0x34 C:/ST/STM32CubeIDE_1.17.0/STM32CubeIDE/plugins/com.st.stm32cube.ide.mcu.externaltools.gnu-tools-for-stm32.13.3.rel1.win32_1.0.0.202411081344/tools/bin/../lib/gcc/arm-none-eabi/13.3.1/../../../../arm-none-eabi/lib/thumb/v7e-m+fp/hard\libc_nano.a(libc_a-nano-svfprintf.o)
 .ARM.attributes
                0x00000987       0x34 C:/ST/STM32CubeIDE_1.17.0/STM32CubeIDE/plugins/com.st.stm32cube.ide.mcu.externaltools.gnu-tools-for-stm32.13.3.rel1.win32_1.0.0.202411081344/tools/bin/../lib/gcc/arm-none-eabi/13.3.1/../../../../arm-none-eabi/lib/thumb/v7e-m+fp/hard\libc_nano.a(libc_a-nano-vfprintf_i.o)
 .ARM.attributes
                0x000009bb       0x34 C:/ST/STM32CubeIDE_1.17.0/STM32CubeIDE/plugins/com.st.stm32cube.ide.mcu.externaltools.gnu-tools-for-stm32.13.3.rel1.win32_1.0.0.202411081344/tools/bin/../lib/gcc/arm-none-eabi/13.3.1/../../../../arm-none-eabi/lib/thumb/v7e-m+fp/hard\libc_nano.a(libc_a-memmove.o)
 .ARM.attributes
                0x000009ef       0x34 C:/ST/STM32CubeIDE_1.17.0/STM32CubeIDE/plugins/com.st.stm32cube.ide.mcu.externaltools.gnu-tools-for-stm32.13.3.rel1.win32_1.0.0.202411081344/tools/bin/../lib/gcc/arm-none-eabi/13.3.1/../../../../arm-none-eabi/lib/thumb/v7e-m+fp/hard\libc_nano.a(libc_a-sbrkr.o)
 .ARM.attributes
                0x00000a23       0x1c C:/ST/STM32CubeIDE_1.17.0/STM32CubeIDE/plugins/com.st.stm32cube.ide.mcu.externaltools.gnu-tools-for-stm32.13.3.rel1.win32_1.0.0.202411081344/tools/bin/../lib/gcc/arm-none-eabi/13.3.1/../../../../arm-none-eabi/lib/thumb/v7e-m+fp/hard\libc_nano.a(libc_a-memchr.o)
 .ARM.attributes
                0x00000a3f       0x34 C:/ST/STM32CubeIDE_1.17.0/STM32CubeIDE/plugins/com.st.stm32cube.ide.mcu.externaltools.gnu-tools-for-stm32.13.3.rel1.win32_1.0.0.202411081344/tools/bin/../lib/gcc/arm-none-eabi/13.3.1/../../../../arm-none-eabi/lib/thumb/v7e-m+fp/hard\libc_nano.a(libc_a-reallocr.o)
 .ARM.attributes
                0x00000a73       0x34 C:/ST/STM32CubeIDE_1.17.0/STM32CubeIDE/plugins/com.st.stm32cube.ide.mcu.externaltools.gnu-tools-for-stm32.13.3.rel1.win32_1.0.0.202411081344/tools/bin/../lib/gcc/arm-none-eabi/13.3.1/../../../../arm-none-eabi/lib/thumb/v7e-m+fp/hard\libc_nano.a(libc_a-msizer.o)
 .ARM.attributes
                0x00000aa7       0x22 C:/ST/STM32CubeIDE_1.17.0/STM32CubeIDE/plugins/com.st.stm32cube.ide.mcu.externaltools.gnu-tools-for-stm32.13.3.rel1.win32_1.0.0.202411081344/tools/bin/../lib/gcc/arm-none-eabi/13.3.1/thumb/v7e-m+fp/hard/crtn.o
OUTPUT(SensoRTOS_F446RE.elf elf32-littlearm)
LOAD linker stubs
LOAD C:/ST/STM32CubeIDE_1.17.0/STM32CubeIDE/plugins/com.st.stm32cube.ide.mcu.externaltools.gnu-tools-for-stm32.13.3.rel1.win32_1.0.0.202411081344/tools/bin/../lib/gcc/arm-none-eabi/13.3.1/../../../../arm-none-eabi/lib/thumb/v7e-m+fp/hard\libc.a
LOAD C:/ST/STM32CubeIDE_1.17.0/STM32CubeIDE/plugins/com.st.stm32cube.ide.mcu.externaltools.gnu-tools-for-stm32.13.3.rel1.win32_1.0.0.202411081344/tools/bin/../lib/gcc/arm-none-eabi/13.3.1/../../../../arm-none-eabi/lib/thumb/v7e-m+fp/hard\libm.a
LOAD C:/ST/STM32CubeIDE_1.17.0/STM32CubeIDE/plugins/com.st.stm32cube.ide.mcu.externaltools.gnu-tools-for-stm32.13.3.rel1.win32_1.0.0.202411081344/tools/bin/../lib/gcc/arm-none-eabi/13.3.1/thumb/v7e-m+fp/hard\libgcc.a

.debug_info     0x00000000     0xb8dd
 .debug_info    0x00000000      0x273 ./Core/Src/Drivers/delay.o
 .debug_info    0x00000273      0x439 ./Core/Src/Drivers/dht11.o
 .debug_info    0x000006ac       0xd5 ./Core/Src/Drivers/font5x7.o
 .debug_info    0x00000781      0x323 ./Core/Src/Drivers/gpio.o
 .debug_info    0x00000aa4      0x343 ./Core/Src/Drivers/hcsr04.o
 .debug_info    0x00000de7      0x2f5 ./Core/Src/Drivers/hcsr501.o
 .debug_info    0x000010dc      0x3fa ./Core/Src/Drivers/i2c.o
 .debug_info    0x000014d6      0x284 ./Core/Src/Drivers/ssd1306.o
 .debug_info    0x0000175a      0x3cb ./Core/Src/Drivers/uart.o
 .debug_info    0x00001b25      0x367 ./Core/Src/Drivers/uart_cli.o
 .debug_info    0x00001e8c      0x24e ./Core/Src/Tasks/Task_DHT11.o
 .debug_info    0x000020da      0x1dd ./Core/Src/Tasks/Task_HCSR04.o
 .debug_info    0x000022b7      0x206 ./Core/Src/Tasks/Task_HCSR501.o
 .debug_info    0x000024bd      0x104 ./Core/Src/Tasks/Task_LED.o
 .debug_info    0x000025c1      0x168 ./Core/Src/Tasks/Task_UART.o
 .debug_info    0x00002729      0x1ee ./Core/Src/Tasks/tasks.o
 .debug_info    0x00002917      0x279 ./Core/Src/freertos.o
 .debug_info    0x00002b90       0xbc ./Core/Src/info.o
 .debug_info    0x00002c4c      0xa42 ./Core/Src/main.o
 .debug_info    0x0000368e       0x98 ./Core/Src/output_control.o
 .debug_info    0x00003726      0xc36 ./Core/Src/stm32f4xx_hal_timebase_tim.o
 .debug_info    0x0000435c      0x6ab ./Core/Src/stm32f4xx_it.o
 .debug_info    0x00004a07      0x168 ./Core/Src/sysmem.o
 .debug_info    0x00004b6f      0x54a ./Core/Src/system_stm32f4xx.o
 .debug_info    0x000050b9       0x30 ./Core/Startup/startup_stm32f446retx.o
 .debug_info    0x000050e9     0x299d ./Drivers/STM32F4xx_HAL_Driver/Src/stm32f4xx_hal_tim.o
 .debug_info    0x00007a86     0x14db ./Drivers/STM32F4xx_HAL_Driver/Src/stm32f4xx_hal_tim_ex.o
 .debug_info    0x00008f61      0x2af ./Middlewares/Third_Party/FreeRTOS/Source/list.o
 .debug_info    0x00009210     0x1d1a ./Middlewares/Third_Party/FreeRTOS/Source/tasks.o
 .debug_info    0x0000af2a      0x4de ./Middlewares/Third_Party/FreeRTOS/Source/portable/GCC/ARM_CM4F/port.o
 .debug_info    0x0000b408      0x4d5 ./Middlewares/Third_Party/FreeRTOS/Source/portable/MemMang/heap_4.o

.debug_abbrev   0x00000000     0x2813
 .debug_abbrev  0x00000000       0xfb ./Core/Src/Drivers/delay.o
 .debug_abbrev  0x000000fb      0x17f ./Core/Src/Drivers/dht11.o
 .debug_abbrev  0x0000027a       0x79 ./Core/Src/Drivers/font5x7.o
 .debug_abbrev  0x000002f3       0xb8 ./Core/Src/Drivers/gpio.o
 .debug_abbrev  0x000003ab      0x102 ./Core/Src/Drivers/hcsr04.o
 .debug_abbrev  0x000004ad       0xb6 ./Core/Src/Drivers/hcsr501.o
 .debug_abbrev  0x00000563       0xe7 ./Core/Src/Drivers/i2c.o
 .debug_abbrev  0x0000064a      0x147 ./Core/Src/Drivers/ssd1306.o
 .debug_abbrev  0x00000791      0x129 ./Core/Src/Drivers/uart.o
 .debug_abbrev  0x000008ba      0x18f ./Core/Src/Drivers/uart_cli.o
 .debug_abbrev  0x00000a49      0x184 ./Core/Src/Tasks/Task_DHT11.o
 .debug_abbrev  0x00000bcd      0x14b ./Core/Src/Tasks/Task_HCSR04.o
 .debug_abbrev  0x00000d18      0x14c ./Core/Src/Tasks/Task_HCSR501.o
 .debug_abbrev  0x00000e64       0xc0 ./Core/Src/Tasks/Task_LED.o
 .debug_abbrev  0x00000f24       0xf9 ./Core/Src/Tasks/Task_UART.o
 .debug_abbrev  0x0000101d       0xc7 ./Core/Src/Tasks/tasks.o
 .debug_abbrev  0x000010e4       0xd2 ./Core/Src/freertos.o
 .debug_abbrev  0x000011b6       0x73 ./Core/Src/info.o
 .debug_abbrev  0x00001229      0x24b ./Core/Src/main.o
 .debug_abbrev  0x00001474       0x75 ./Core/Src/output_control.o
 .debug_abbrev  0x000014e9      0x1f4 ./Core/Src/stm32f4xx_hal_timebase_tim.o
 .debug_abbrev  0x000016dd      0x17d ./Core/Src/stm32f4xx_it.o
 .debug_abbrev  0x0000185a       0xbc ./Core/Src/sysmem.o
 .debug_abbrev  0x00001916      0x11a ./Core/Src/system_stm32f4xx.o
 .debug_abbrev  0x00001a30       0x24 ./Core/Startup/startup_stm32f446retx.o
 .debug_abbrev  0x00001a54      0x278 ./Drivers/STM32F4xx_HAL_Driver/Src/stm32f4xx_hal_tim.o
 .debug_abbrev  0x00001ccc      0x283 ./Drivers/STM32F4xx_HAL_Driver/Src/stm32f4xx_hal_tim_ex.o
 .debug_abbrev  0x00001f4f       0xf5 ./Middlewares/Third_Party/FreeRTOS/Source/list.o
 .debug_abbrev  0x00002044      0x356 ./Middlewares/Third_Party/FreeRTOS/Source/tasks.o
 .debug_abbrev  0x0000239a      0x25c ./Middlewares/Third_Party/FreeRTOS/Source/portable/GCC/ARM_CM4F/port.o
 .debug_abbrev  0x000025f6      0x21d ./Middlewares/Third_Party/FreeRTOS/Source/portable/MemMang/heap_4.o

.debug_aranges  0x00000000      0xc40
 .debug_aranges
                0x00000000       0x28 ./Core/Src/Drivers/delay.o
 .debug_aranges
                0x00000028       0x38 ./Core/Src/Drivers/dht11.o
 .debug_aranges
                0x00000060       0x18 ./Core/Src/Drivers/font5x7.o
 .debug_aranges
                0x00000078       0x38 ./Core/Src/Drivers/gpio.o
 .debug_aranges
                0x000000b0       0x28 ./Core/Src/Drivers/hcsr04.o
 .debug_aranges
                0x000000d8       0x20 ./Core/Src/Drivers/hcsr501.o
 .debug_aranges
                0x000000f8       0x38 ./Core/Src/Drivers/i2c.o
 .debug_aranges
                0x00000130       0x58 ./Core/Src/Drivers/ssd1306.o
 .debug_aranges
                0x00000188       0x38 ./Core/Src/Drivers/uart.o
 .debug_aranges
                0x000001c0       0x28 ./Core/Src/Drivers/uart_cli.o
 .debug_aranges
                0x000001e8       0x20 ./Core/Src/Tasks/Task_DHT11.o
 .debug_aranges
                0x00000208       0x20 ./Core/Src/Tasks/Task_HCSR04.o
 .debug_aranges
                0x00000228       0x20 ./Core/Src/Tasks/Task_HCSR501.o
 .debug_aranges
                0x00000248       0x20 ./Core/Src/Tasks/Task_LED.o
 .debug_aranges
                0x00000268       0x20 ./Core/Src/Tasks/Task_UART.o
 .debug_aranges
                0x00000288       0x20 ./Core/Src/Tasks/tasks.o
 .debug_aranges
                0x000002a8       0x20 ./Core/Src/freertos.o
 .debug_aranges
                0x000002c8       0x28 ./Core/Src/info.o
 .debug_aranges
                0x000002f0       0x40 ./Core/Src/main.o
 .debug_aranges
                0x00000330       0x18 ./Core/Src/output_control.o
 .debug_aranges
                0x00000348       0x30 ./Core/Src/stm32f4xx_hal_timebase_tim.o
 .debug_aranges
                0x00000378       0x50 ./Core/Src/stm32f4xx_it.o
 .debug_aranges
                0x000003c8       0x20 ./Core/Src/sysmem.o
 .debug_aranges
                0x000003e8       0x28 ./Core/Src/system_stm32f4xx.o
 .debug_aranges
                0x00000410       0x28 ./Core/Startup/startup_stm32f446retx.o
 .debug_aranges
                0x00000438      0x3d0 ./Drivers/STM32F4xx_HAL_Driver/Src/stm32f4xx_hal_tim.o
 .debug_aranges
                0x00000808      0x168 ./Drivers/STM32F4xx_HAL_Driver/Src/stm32f4xx_hal_tim_ex.o
 .debug_aranges
                0x00000970       0x40 ./Middlewares/Third_Party/FreeRTOS/Source/list.o
 .debug_aranges
                0x000009b0      0x1b8 ./Middlewares/Third_Party/FreeRTOS/Source/tasks.o
 .debug_aranges
                0x00000b68       0x80 ./Middlewares/Third_Party/FreeRTOS/Source/portable/GCC/ARM_CM4F/port.o
 .debug_aranges
                0x00000be8       0x58 ./Middlewares/Third_Party/FreeRTOS/Source/portable/MemMang/heap_4.o

.debug_rnglists
                0x00000000      0x90a
 .debug_rnglists
                0x00000000       0x19 ./Core/Src/Drivers/delay.o
 .debug_rnglists
                0x00000019       0x26 ./Core/Src/Drivers/dht11.o
 .debug_rnglists
                0x0000003f       0x26 ./Core/Src/Drivers/gpio.o
 .debug_rnglists
                0x00000065       0x1b ./Core/Src/Drivers/hcsr04.o
 .debug_rnglists
                0x00000080       0x13 ./Core/Src/Drivers/hcsr501.o
 .debug_rnglists
                0x00000093       0x26 ./Core/Src/Drivers/i2c.o
 .debug_rnglists
                0x000000b9       0x3e ./Core/Src/Drivers/ssd1306.o
 .debug_rnglists
                0x000000f7       0x25 ./Core/Src/Drivers/uart.o
 .debug_rnglists
                0x0000011c       0x1a ./Core/Src/Drivers/uart_cli.o
 .debug_rnglists
                0x00000136       0x14 ./Core/Src/Tasks/Task_DHT11.o
 .debug_rnglists
                0x0000014a       0x14 ./Core/Src/Tasks/Task_HCSR04.o
 .debug_rnglists
                0x0000015e       0x14 ./Core/Src/Tasks/Task_HCSR501.o
 .debug_rnglists
                0x00000172       0x13 ./Core/Src/Tasks/Task_LED.o
 .debug_rnglists
                0x00000185       0x14 ./Core/Src/Tasks/Task_UART.o
 .debug_rnglists
                0x00000199       0x14 ./Core/Src/Tasks/tasks.o
 .debug_rnglists
                0x000001ad       0x13 ./Core/Src/freertos.o
 .debug_rnglists
                0x000001c0       0x1a ./Core/Src/info.o
 .debug_rnglists
                0x000001da       0x2b ./Core/Src/main.o
 .debug_rnglists
                0x00000205       0x20 ./Core/Src/stm32f4xx_hal_timebase_tim.o
 .debug_rnglists
                0x00000225       0x37 ./Core/Src/stm32f4xx_it.o
 .debug_rnglists
                0x0000025c       0x13 ./Core/Src/sysmem.o
 .debug_rnglists
                0x0000026f       0x1a ./Core/Src/system_stm32f4xx.o
 .debug_rnglists
                0x00000289       0x19 ./Core/Startup/startup_stm32f446retx.o
 .debug_rnglists
                0x000002a2      0x31a ./Drivers/STM32F4xx_HAL_Driver/Src/stm32f4xx_hal_tim.o
 .debug_rnglists
                0x000005bc      0x125 ./Drivers/STM32F4xx_HAL_Driver/Src/stm32f4xx_hal_tim_ex.o
 .debug_rnglists
                0x000006e1       0x2b ./Middlewares/Third_Party/FreeRTOS/Source/list.o
 .debug_rnglists
                0x0000070c      0x15f ./Middlewares/Third_Party/FreeRTOS/Source/tasks.o
 .debug_rnglists
                0x0000086b       0x5d ./Middlewares/Third_Party/FreeRTOS/Source/portable/GCC/ARM_CM4F/port.o
 .debug_rnglists
                0x000008c8       0x42 ./Middlewares/Third_Party/FreeRTOS/Source/portable/MemMang/heap_4.o

.debug_macro    0x00000000    0x248e2
 .debug_macro   0x00000000      0x1c4 ./Core/Src/Drivers/delay.o
 .debug_macro   0x000001c4      0xad8 ./Core/Src/Drivers/delay.o
 .debug_macro   0x00000c9c       0x2e ./Core/Src/Drivers/delay.o
 .debug_macro   0x00000cca       0x28 ./Core/Src/Drivers/delay.o
 .debug_macro   0x00000cf2       0x22 ./Core/Src/Drivers/delay.o
 .debug_macro   0x00000d14       0x8e ./Core/Src/Drivers/delay.o
 .debug_macro   0x00000da2       0x51 ./Core/Src/Drivers/delay.o
 .debug_macro   0x00000df3      0x103 ./Core/Src/Drivers/delay.o
 .debug_macro   0x00000ef6       0x6a ./Core/Src/Drivers/delay.o
 .debug_macro   0x00000f60      0x1df ./Core/Src/Drivers/delay.o
 .debug_macro   0x0000113f       0x1c ./Core/Src/Drivers/delay.o
 .debug_macro   0x0000115b       0x22 ./Core/Src/Drivers/delay.o
 .debug_macro   0x0000117d       0xfb ./Core/Src/Drivers/delay.o
 .debug_macro   0x00001278     0x1011 ./Core/Src/Drivers/delay.o
 .debug_macro   0x00002289      0x11f ./Core/Src/Drivers/delay.o
 .debug_macro   0x000023a8    0x1675e ./Core/Src/Drivers/delay.o
 .debug_macro   0x00018b06       0x6d ./Core/Src/Drivers/delay.o
 .debug_macro   0x00018b73      0x295 ./Core/Src/Drivers/delay.o
 .debug_macro   0x00018e08     0x3693 ./Core/Src/Drivers/delay.o
 .debug_macro   0x0001c49b      0x190 ./Core/Src/Drivers/delay.o
 .debug_macro   0x0001c62b       0x5c ./Core/Src/Drivers/delay.o
 .debug_macro   0x0001c687      0xca5 ./Core/Src/Drivers/delay.o
 .debug_macro   0x0001d32c      0x9e9 ./Core/Src/Drivers/delay.o
 .debug_macro   0x0001dd15      0x115 ./Core/Src/Drivers/delay.o
 .debug_macro   0x0001de2a      0x1a0 ./Core/Src/Drivers/delay.o
 .debug_macro   0x0001dfca       0xa5 ./Core/Src/Drivers/delay.o
 .debug_macro   0x0001e06f      0x16d ./Core/Src/Drivers/delay.o
 .debug_macro   0x0001e1dc      0x287 ./Core/Src/Drivers/delay.o
 .debug_macro   0x0001e463       0x5f ./Core/Src/Drivers/delay.o
 .debug_macro   0x0001e4c2      0x236 ./Core/Src/Drivers/delay.o
 .debug_macro   0x0001e6f8      0x132 ./Core/Src/Drivers/delay.o
 .debug_macro   0x0001e82a      0x29c ./Core/Src/Drivers/delay.o
 .debug_macro   0x0001eac6       0x2e ./Core/Src/Drivers/delay.o
 .debug_macro   0x0001eaf4      0x127 ./Core/Src/Drivers/delay.o
 .debug_macro   0x0001ec1b       0xe8 ./Core/Src/Drivers/delay.o
 .debug_macro   0x0001ed03       0x89 ./Core/Src/Drivers/delay.o
 .debug_macro   0x0001ed8c      0x8ed ./Core/Src/Drivers/delay.o
 .debug_macro   0x0001f679       0x53 ./Core/Src/Drivers/delay.o
 .debug_macro   0x0001f6cc      0x126 ./Core/Src/Drivers/delay.o
 .debug_macro   0x0001f7f2      0x202 ./Core/Src/Drivers/dht11.o
 .debug_macro   0x0001f9f4       0x6d ./Core/Src/Drivers/font5x7.o
 .debug_macro   0x0001fa61      0x1c4 ./Core/Src/Drivers/gpio.o
 .debug_macro   0x0001fc25      0x2da ./Core/Src/Drivers/hcsr04.o
 .debug_macro   0x0001feff       0x61 ./Core/Src/Drivers/hcsr04.o
 .debug_macro   0x0001ff60       0x2a ./Core/Src/Drivers/hcsr04.o
 .debug_macro   0x0001ff8a       0x43 ./Core/Src/Drivers/hcsr04.o
 .debug_macro   0x0001ffcd       0x34 ./Core/Src/Drivers/hcsr04.o
 .debug_macro   0x00020001       0x16 ./Core/Src/Drivers/hcsr04.o
 .debug_macro   0x00020017       0x3c ./Core/Src/Drivers/hcsr04.o
 .debug_macro   0x00020053      0x370 ./Core/Src/Drivers/hcsr04.o
 .debug_macro   0x000203c3       0x10 ./Core/Src/Drivers/hcsr04.o
 .debug_macro   0x000203d3       0x16 ./Core/Src/Drivers/hcsr04.o
 .debug_macro   0x000203e9       0x4a ./Core/Src/Drivers/hcsr04.o
 .debug_macro   0x00020433       0x34 ./Core/Src/Drivers/hcsr04.o
 .debug_macro   0x00020467       0x10 ./Core/Src/Drivers/hcsr04.o
 .debug_macro   0x00020477       0x58 ./Core/Src/Drivers/hcsr04.o
 .debug_macro   0x000204cf       0x8e ./Core/Src/Drivers/hcsr04.o
 .debug_macro   0x0002055d       0x1c ./Core/Src/Drivers/hcsr04.o
 .debug_macro   0x00020579      0x185 ./Core/Src/Drivers/hcsr04.o
 .debug_macro   0x000206fe       0x16 ./Core/Src/Drivers/hcsr04.o
 .debug_macro   0x00020714       0x16 ./Core/Src/Drivers/hcsr04.o
 .debug_macro   0x0002072a      0x146 ./Core/Src/Drivers/hcsr04.o
 .debug_macro   0x00020870      0x1d8 ./Core/Src/Drivers/hcsr501.o
 .debug_macro   0x00020a48      0x1c4 ./Core/Src/Drivers/i2c.o
 .debug_macro   0x00020c0c      0x16b ./Core/Src/Drivers/ssd1306.o
 .debug_macro   0x00020d77       0x10 ./Core/Src/Drivers/ssd1306.o
 .debug_macro   0x00020d87       0x10 ./Core/Src/Drivers/ssd1306.o
 .debug_macro   0x00020d97       0x20 ./Core/Src/Drivers/ssd1306.o
 .debug_macro   0x00020db7      0x1c4 ./Core/Src/Drivers/uart.o
 .debug_macro   0x00020f7b      0x2c4 ./Core/Src/Drivers/uart_cli.o
 .debug_macro   0x0002123f      0x202 ./Core/Src/Tasks/Task_DHT11.o
 .debug_macro   0x00021441       0xf7 ./Core/Src/Tasks/Task_DHT11.o
 .debug_macro   0x00021538      0x15a ./Core/Src/Tasks/Task_DHT11.o
 .debug_macro   0x00021692       0xde ./Core/Src/Tasks/Task_DHT11.o
 .debug_macro   0x00021770       0x1c ./Core/Src/Tasks/Task_DHT11.o
 .debug_macro   0x0002178c       0x26 ./Core/Src/Tasks/Task_DHT11.o
 .debug_macro   0x000217b2      0x4fd ./Core/Src/Tasks/Task_DHT11.o
 .debug_macro   0x00021caf       0xb5 ./Core/Src/Tasks/Task_DHT11.o
 .debug_macro   0x00021d64       0xaa ./Core/Src/Tasks/Task_DHT11.o
 .debug_macro   0x00021e0e       0x16 ./Core/Src/Tasks/Task_DHT11.o
 .debug_macro   0x00021e24      0x32e ./Core/Src/Tasks/Task_HCSR04.o
 .debug_macro   0x00022152      0x338 ./Core/Src/Tasks/Task_HCSR501.o
 .debug_macro   0x0002248a       0xf7 ./Core/Src/Tasks/Task_HCSR501.o
 .debug_macro   0x00022581       0xe4 ./Core/Src/Tasks/Task_LED.o
 .debug_macro   0x00022665      0x1cc ./Core/Src/Tasks/Task_UART.o
 .debug_macro   0x00022831      0x344 ./Core/Src/Tasks/tasks.o
 .debug_macro   0x00022b75       0x5b ./Core/Src/Tasks/tasks.o
 .debug_macro   0x00022bd0       0x94 ./Core/Src/Tasks/tasks.o
 .debug_macro   0x00022c64       0x57 ./Core/Src/Tasks/tasks.o
 .debug_macro   0x00022cbb       0x9e ./Core/Src/Tasks/tasks.o
 .debug_macro   0x00022d59      0x112 ./Core/Src/Tasks/tasks.o
 .debug_macro   0x00022e6b       0x56 ./Core/Src/Tasks/tasks.o
 .debug_macro   0x00022ec1      0x236 ./Core/Src/freertos.o
 .debug_macro   0x000230f7      0x123 ./Core/Src/info.o
 .debug_macro   0x0002321a      0x322 ./Core/Src/main.o
 .debug_macro   0x0002353c       0x1b ./Core/Src/output_control.o
 .debug_macro   0x00023557      0x1c4 ./Core/Src/stm32f4xx_hal_timebase_tim.o
 .debug_macro   0x0002371b      0x1d8 ./Core/Src/stm32f4xx_it.o
 .debug_macro   0x000238f3      0x112 ./Core/Src/sysmem.o
 .debug_macro   0x00023a05      0x23c ./Core/Src/sysmem.o
 .debug_macro   0x00023c41      0x1c4 ./Core/Src/system_stm32f4xx.o
 .debug_macro   0x00023e05      0x1c5 ./Drivers/STM32F4xx_HAL_Driver/Src/stm32f4xx_hal_tim.o
 .debug_macro   0x00023fca      0x1c4 ./Drivers/STM32F4xx_HAL_Driver/Src/stm32f4xx_hal_tim_ex.o
 .debug_macro   0x0002418e      0x187 ./Middlewares/Third_Party/FreeRTOS/Source/list.o
 .debug_macro   0x00024315      0x279 ./Middlewares/Third_Party/FreeRTOS/Source/tasks.o
 .debug_macro   0x0002458e       0x10 ./Middlewares/Third_Party/FreeRTOS/Source/tasks.o
 .debug_macro   0x0002459e      0x196 ./Middlewares/Third_Party/FreeRTOS/Source/portable/GCC/ARM_CM4F/port.o
 .debug_macro   0x00024734      0x1ae ./Middlewares/Third_Party/FreeRTOS/Source/portable/MemMang/heap_4.o

.debug_line     0x00000000    0x13bb3
 .debug_line    0x00000000      0x760 ./Core/Src/Drivers/delay.o
 .debug_line    0x00000760      0x879 ./Core/Src/Drivers/dht11.o
 .debug_line    0x00000fd9      0x461 ./Core/Src/Drivers/font5x7.o
 .debug_line    0x0000143a      0x79d ./Core/Src/Drivers/gpio.o
 .debug_line    0x00001bd7      0x970 ./Core/Src/Drivers/hcsr04.o
 .debug_line    0x00002547      0x7a5 ./Core/Src/Drivers/hcsr501.o
 .debug_line    0x00002cec      0x83a ./Core/Src/Drivers/i2c.o
 .debug_line    0x00003526      0x770 ./Core/Src/Drivers/ssd1306.o
 .debug_line    0x00003c96      0x7c4 ./Core/Src/Drivers/uart.o
 .debug_line    0x0000445a      0xa2f ./Core/Src/Drivers/uart_cli.o
 .debug_line    0x00004e89      0x78e ./Core/Src/Tasks/Task_DHT11.o
 .debug_line    0x00005617      0xa23 ./Core/Src/Tasks/Task_HCSR04.o
 .debug_line    0x0000603a      0xa3b ./Core/Src/Tasks/Task_HCSR501.o
 .debug_line    0x00006a75      0x59f ./Core/Src/Tasks/Task_LED.o
 .debug_line    0x00007014      0x769 ./Core/Src/Tasks/Task_UART.o
 .debug_line    0x0000777d      0xa86 ./Core/Src/Tasks/tasks.o
 .debug_line    0x00008203      0x82d ./Core/Src/freertos.o
 .debug_line    0x00008a30      0x5e6 ./Core/Src/info.o
 .debug_line    0x00009016      0xb05 ./Core/Src/main.o
 .debug_line    0x00009b1b       0x5d ./Core/Src/output_control.o
 .debug_line    0x00009b78      0x7a1 ./Core/Src/stm32f4xx_hal_timebase_tim.o
 .debug_line    0x0000a319      0x7b7 ./Core/Src/stm32f4xx_it.o
 .debug_line    0x0000aad0      0x588 ./Core/Src/sysmem.o
 .debug_line    0x0000b058      0x7a4 ./Core/Src/system_stm32f4xx.o
 .debug_line    0x0000b7fc       0x7a ./Core/Startup/startup_stm32f446retx.o
 .debug_line    0x0000b876     0x3795 ./Drivers/STM32F4xx_HAL_Driver/Src/stm32f4xx_hal_tim.o
 .debug_line    0x0000f00b     0x1980 ./Drivers/STM32F4xx_HAL_Driver/Src/stm32f4xx_hal_tim_ex.o
 .debug_line    0x0001098b      0x78c ./Middlewares/Third_Party/FreeRTOS/Source/list.o
 .debug_line    0x00011117     0x18e8 ./Middlewares/Third_Party/FreeRTOS/Source/tasks.o
 .debug_line    0x000129ff      0x811 ./Middlewares/Third_Party/FreeRTOS/Source/portable/GCC/ARM_CM4F/port.o
 .debug_line    0x00013210      0x9a3 ./Middlewares/Third_Party/FreeRTOS/Source/portable/MemMang/heap_4.o

.debug_str      0x00000000    0xd4948
 .debug_str     0x00000000    0xd4948 ./Core/Src/Drivers/delay.o
                              0xc79cb (size before relaxing)
 .debug_str     0x000d4948    0xc7d4c ./Core/Src/Drivers/dht11.o
 .debug_str     0x000d4948     0x3dda ./Core/Src/Drivers/font5x7.o
 .debug_str     0x000d4948    0xc7a3c ./Core/Src/Drivers/gpio.o
 .debug_str     0x000d4948    0xcb2e8 ./Core/Src/Drivers/hcsr04.o
 .debug_str     0x000d4948    0xc7a50 ./Core/Src/Drivers/hcsr501.o
 .debug_str     0x000d4948    0xc7a85 ./Core/Src/Drivers/i2c.o
 .debug_str     0x000d4948     0x7496 ./Core/Src/Drivers/ssd1306.o
 .debug_str     0x000d4948    0xc7a62 ./Core/Src/Drivers/uart.o
 .debug_str     0x000d4948    0xcac52 ./Core/Src/Drivers/uart_cli.o
 .debug_str     0x000d4948     0xb8a4 ./Core/Src/Tasks/Task_DHT11.o
 .debug_str     0x000d4948    0xcef7e ./Core/Src/Tasks/Task_HCSR04.o
 .debug_str     0x000d4948    0xcefc9 ./Core/Src/Tasks/Task_HCSR501.o
 .debug_str     0x000d4948     0x7f82 ./Core/Src/Tasks/Task_LED.o
 .debug_str     0x000d4948     0xb21d ./Core/Src/Tasks/Task_UART.o
 .debug_str     0x000d4948    0xcefec ./Core/Src/Tasks/tasks.o
 .debug_str     0x000d4948    0xcb829 ./Core/Src/freertos.o
 .debug_str     0x000d4948     0x6ddd ./Core/Src/info.o
 .debug_str     0x000d4948    0xcf248 ./Core/Src/main.o
 .debug_str     0x000d4948     0x2f03 ./Core/Src/output_control.o
 .debug_str     0x000d4948    0xc85da ./Core/Src/stm32f4xx_hal_timebase_tim.o
 .debug_str     0x000d4948    0xc7e93 ./Core/Src/stm32f4xx_it.o
 .debug_str     0x000d4948     0x778e ./Core/Src/sysmem.o
 .debug_str     0x000d4948    0xc7ab2 ./Core/Src/system_stm32f4xx.o
 .debug_str     0x000d4948       0x90 ./Core/Startup/startup_stm32f446retx.o
 .debug_str     0x000d4948    0xc8e17 ./Drivers/STM32F4xx_HAL_Driver/Src/stm32f4xx_hal_tim.o
 .debug_str     0x000d4948    0xc8623 ./Drivers/STM32F4xx_HAL_Driver/Src/stm32f4xx_hal_tim_ex.o
 .debug_str     0x000d4948     0xac70 ./Middlewares/Third_Party/FreeRTOS/Source/list.o
 .debug_str     0x000d4948     0xd18d ./Middlewares/Third_Party/FreeRTOS/Source/tasks.o
 .debug_str     0x000d4948     0x8812 ./Middlewares/Third_Party/FreeRTOS/Source/portable/GCC/ARM_CM4F/port.o
 .debug_str     0x000d4948     0xb5b2 ./Middlewares/Third_Party/FreeRTOS/Source/portable/MemMang/heap_4.o

.comment        0x00000000       0x43
 .comment       0x00000000       0x43 ./Core/Src/Drivers/delay.o
                                 0x44 (size before relaxing)
 .comment       0x00000043       0x44 ./Core/Src/Drivers/dht11.o
 .comment       0x00000043       0x44 ./Core/Src/Drivers/font5x7.o
 .comment       0x00000043       0x44 ./Core/Src/Drivers/gpio.o
 .comment       0x00000043       0x44 ./Core/Src/Drivers/hcsr04.o
 .comment       0x00000043       0x44 ./Core/Src/Drivers/hcsr501.o
 .comment       0x00000043       0x44 ./Core/Src/Drivers/i2c.o
 .comment       0x00000043       0x44 ./Core/Src/Drivers/ssd1306.o
 .comment       0x00000043       0x44 ./Core/Src/Drivers/uart.o
 .comment       0x00000043       0x44 ./Core/Src/Drivers/uart_cli.o
 .comment       0x00000043       0x44 ./Core/Src/Tasks/Task_DHT11.o
 .comment       0x00000043       0x44 ./Core/Src/Tasks/Task_HCSR04.o
 .comment       0x00000043       0x44 ./Core/Src/Tasks/Task_HCSR501.o
 .comment       0x00000043       0x44 ./Core/Src/Tasks/Task_LED.o
 .comment       0x00000043       0x44 ./Core/Src/Tasks/Task_UART.o
 .comment       0x00000043       0x44 ./Core/Src/Tasks/tasks.o
 .comment       0x00000043       0x44 ./Core/Src/freertos.o
 .comment       0x00000043       0x44 ./Core/Src/info.o
 .comment       0x00000043       0x44 ./Core/Src/main.o
 .comment       0x00000043       0x44 ./Core/Src/output_control.o
 .comment       0x00000043       0x44 ./Core/Src/stm32f4xx_hal_timebase_tim.o
 .comment       0x00000043       0x44 ./Core/Src/stm32f4xx_it.o
 .comment       0x00000043       0x44 ./Core/Src/sysmem.o
 .comment       0x00000043       0x44 ./Core/Src/system_stm32f4xx.o
 .comment       0x00000043       0x44 ./Drivers/STM32F4xx_HAL_Driver/Src/stm32f4xx_hal_tim.o
 .comment       0x00000043       0x44 ./Drivers/STM32F4xx_HAL_Driver/Src/stm32f4xx_hal_tim_ex.o
 .comment       0x00000043       0x44 ./Middlewares/Third_Party/FreeRTOS/Source/list.o
 .comment       0x00000043       0x44 ./Middlewares/Third_Party/FreeRTOS/Source/tasks.o
 .comment       0x00000043       0x44 ./Middlewares/Third_Party/FreeRTOS/Source/portable/GCC/ARM_CM4F/port.o
 .comment       0x00000043       0x44 ./Middlewares/Third_Party/FreeRTOS/Source/portable/MemMang/heap_4.o

.debug_frame    0x00000000     0x31cc
 .debug_frame   0x00000000       0x58 ./Core/Src/Drivers/delay.o
 .debug_frame   0x00000058       0x98 ./Core/Src/Drivers/dht11.o
 .debug_frame   0x000000f0       0x90 ./Core/Src/Drivers/gpio.o
 .debug_frame   0x00000180       0x54 ./Core/Src/Drivers/hcsr04.o
 .debug_frame   0x000001d4       0x30 ./Core/Src/Drivers/hcsr501.o
 .debug_frame   0x00000204       0xa0 ./Core/Src/Drivers/i2c.o
 .debug_frame   0x000002a4      0x128 ./Core/Src/Drivers/ssd1306.o
 .debug_frame   0x000003cc       0x9c ./Core/Src/Drivers/uart.o
 .debug_frame   0x00000468       0x4c ./Core/Src/Drivers/uart_cli.o
 .debug_frame   0x000004b4       0x30 ./Core/Src/Tasks/Task_DHT11.o
 .debug_frame   0x000004e4       0x30 ./Core/Src/Tasks/Task_HCSR04.o
 .debug_frame   0x00000514       0x30 ./Core/Src/Tasks/Task_HCSR501.o
 .debug_frame   0x00000544       0x30 ./Core/Src/Tasks/Task_LED.o
 .debug_frame   0x00000574       0x30 ./Core/Src/Tasks/Task_UART.o
 .debug_frame   0x000005a4       0x34 ./Core/Src/Tasks/tasks.o
 .debug_frame   0x000005d8       0x38 ./Core/Src/freertos.o
 .debug_frame   0x00000610       0x48 ./Core/Src/info.o
 .debug_frame   0x00000658       0xb8 ./Core/Src/main.o
 .debug_frame   0x00000710       0x74 ./Core/Src/stm32f4xx_hal_timebase_tim.o
 .debug_frame   0x00000784       0xc4 ./Core/Src/stm32f4xx_it.o
 .debug_frame   0x00000848       0x34 ./Core/Src/sysmem.o
 .debug_frame   0x0000087c       0x58 ./Core/Src/system_stm32f4xx.o
 .debug_frame   0x000008d4     0x11c0 ./Drivers/STM32F4xx_HAL_Driver/Src/stm32f4xx_hal_tim.o
 .debug_frame   0x00001a94      0x638 ./Drivers/STM32F4xx_HAL_Driver/Src/stm32f4xx_hal_tim_ex.o
 .debug_frame   0x000020cc       0xd8 ./Middlewares/Third_Party/FreeRTOS/Source/list.o
 .debug_frame   0x000021a4      0x778 ./Middlewares/Third_Party/FreeRTOS/Source/tasks.o
 .debug_frame   0x0000291c      0x1a8 ./Middlewares/Third_Party/FreeRTOS/Source/portable/GCC/ARM_CM4F/port.o
 .debug_frame   0x00002ac4      0x12c ./Middlewares/Third_Party/FreeRTOS/Source/portable/MemMang/heap_4.o
 .debug_frame   0x00002bf0      0x144 C:/ST/STM32CubeIDE_1.17.0/STM32CubeIDE/plugins/com.st.stm32cube.ide.mcu.externaltools.gnu-tools-for-stm32.13.3.rel1.win32_1.0.0.202411081344/tools/bin/../lib/gcc/arm-none-eabi/13.3.1/../../../../arm-none-eabi/lib/thumb/v7e-m+fp/hard\libc_nano.a(libc_a-findfp.o)
 .debug_frame   0x00002d34       0x7c C:/ST/STM32CubeIDE_1.17.0/STM32CubeIDE/plugins/com.st.stm32cube.ide.mcu.externaltools.gnu-tools-for-stm32.13.3.rel1.win32_1.0.0.202411081344/tools/bin/../lib/gcc/arm-none-eabi/13.3.1/../../../../arm-none-eabi/lib/thumb/v7e-m+fp/hard\libc_nano.a(libc_a-snprintf.o)
 .debug_frame   0x00002db0       0x20 C:/ST/STM32CubeIDE_1.17.0/STM32CubeIDE/plugins/com.st.stm32cube.ide.mcu.externaltools.gnu-tools-for-stm32.13.3.rel1.win32_1.0.0.202411081344/tools/bin/../lib/gcc/arm-none-eabi/13.3.1/../../../../arm-none-eabi/lib/thumb/v7e-m+fp/hard\libc_nano.a(libc_a-memset.o)
 .debug_frame   0x00002dd0       0x28 C:/ST/STM32CubeIDE_1.17.0/STM32CubeIDE/plugins/com.st.stm32cube.ide.mcu.externaltools.gnu-tools-for-stm32.13.3.rel1.win32_1.0.0.202411081344/tools/bin/../lib/gcc/arm-none-eabi/13.3.1/../../../../arm-none-eabi/lib/thumb/v7e-m+fp/hard\libc_nano.a(libc_a-strncmp.o)
 .debug_frame   0x00002df8       0x38 C:/ST/STM32CubeIDE_1.17.0/STM32CubeIDE/plugins/com.st.stm32cube.ide.mcu.externaltools.gnu-tools-for-stm32.13.3.rel1.win32_1.0.0.202411081344/tools/bin/../lib/gcc/arm-none-eabi/13.3.1/../../../../arm-none-eabi/lib/thumb/v7e-m+fp/hard\libc_nano.a(libc_a-reent.o)
 .debug_frame   0x00002e30       0x20 C:/ST/STM32CubeIDE_1.17.0/STM32CubeIDE/plugins/com.st.stm32cube.ide.mcu.externaltools.gnu-tools-for-stm32.13.3.rel1.win32_1.0.0.202411081344/tools/bin/../lib/gcc/arm-none-eabi/13.3.1/../../../../arm-none-eabi/lib/thumb/v7e-m+fp/hard\libc_nano.a(libc_a-errno.o)
 .debug_frame   0x00002e50       0x2c C:/ST/STM32CubeIDE_1.17.0/STM32CubeIDE/plugins/com.st.stm32cube.ide.mcu.externaltools.gnu-tools-for-stm32.13.3.rel1.win32_1.0.0.202411081344/tools/bin/../lib/gcc/arm-none-eabi/13.3.1/../../../../arm-none-eabi/lib/thumb/v7e-m+fp/hard\libc_nano.a(libc_a-init.o)
 .debug_frame   0x00002e7c       0xb0 C:/ST/STM32CubeIDE_1.17.0/STM32CubeIDE/plugins/com.st.stm32cube.ide.mcu.externaltools.gnu-tools-for-stm32.13.3.rel1.win32_1.0.0.202411081344/tools/bin/../lib/gcc/arm-none-eabi/13.3.1/../../../../arm-none-eabi/lib/thumb/v7e-m+fp/hard\libc_nano.a(libc_a-lock.o)
 .debug_frame   0x00002f2c       0x20 C:/ST/STM32CubeIDE_1.17.0/STM32CubeIDE/plugins/com.st.stm32cube.ide.mcu.externaltools.gnu-tools-for-stm32.13.3.rel1.win32_1.0.0.202411081344/tools/bin/../lib/gcc/arm-none-eabi/13.3.1/../../../../arm-none-eabi/lib/thumb/v7e-m+fp/hard\libc_nano.a(libc_a-strcmp.o)
 .debug_frame   0x00002f4c       0x28 C:/ST/STM32CubeIDE_1.17.0/STM32CubeIDE/plugins/com.st.stm32cube.ide.mcu.externaltools.gnu-tools-for-stm32.13.3.rel1.win32_1.0.0.202411081344/tools/bin/../lib/gcc/arm-none-eabi/13.3.1/../../../../arm-none-eabi/lib/thumb/v7e-m+fp/hard\libc_nano.a(libc_a-memcpy-stub.o)
 .debug_frame   0x00002f74       0x38 C:/ST/STM32CubeIDE_1.17.0/STM32CubeIDE/plugins/com.st.stm32cube.ide.mcu.externaltools.gnu-tools-for-stm32.13.3.rel1.win32_1.0.0.202411081344/tools/bin/../lib/gcc/arm-none-eabi/13.3.1/../../../../arm-none-eabi/lib/thumb/v7e-m+fp/hard\libc_nano.a(libc_a-freer.o)
 .debug_frame   0x00002fac       0x50 C:/ST/STM32CubeIDE_1.17.0/STM32CubeIDE/plugins/com.st.stm32cube.ide.mcu.externaltools.gnu-tools-for-stm32.13.3.rel1.win32_1.0.0.202411081344/tools/bin/../lib/gcc/arm-none-eabi/13.3.1/../../../../arm-none-eabi/lib/thumb/v7e-m+fp/hard\libc_nano.a(libc_a-mallocr.o)
 .debug_frame   0x00002ffc       0x30 C:/ST/STM32CubeIDE_1.17.0/STM32CubeIDE/plugins/com.st.stm32cube.ide.mcu.externaltools.gnu-tools-for-stm32.13.3.rel1.win32_1.0.0.202411081344/tools/bin/../lib/gcc/arm-none-eabi/13.3.1/../../../../arm-none-eabi/lib/thumb/v7e-m+fp/hard\libc_nano.a(libc_a-mlock.o)