15:30:32 **** Incremental Build of configuration Debug for project SensoRTOS_F446RE ****
make -j8 all 
arm-none-eabi-gcc "../Core/Src/Tasks/Task_DHT11.c" -mcpu=cortex-m4 -std=gnu11 -g3 -DDEBUG -DUSE_HAL_DRIVER -DSTM32F446xx -c -I../Core/Inc -I../Drivers/STM32F4xx_HAL_Driver/Inc -I../Drivers/STM32F4xx_HAL_Driver/Inc/Legacy -I../Drivers/CMSIS/Device/ST/STM32F4xx/Include -I../Drivers/CMSIS/Include -I../Middlewares/Third_Party/FreeRTOS/Source/include -I../Middlewares/Third_Party/FreeRTOS/Source/CMSIS_RTOS -I../Middlewares/Third_Party/FreeRTOS/Source/portable/GCC/ARM_CM4F -I"D:/Firmware/STM32/FreeRTOS_Concepts/SensoRTOS_F446RE/SensoRTOS_F446RE/Core/Inc/Drivers" -I"D:/Firmware/STM32/FreeRTOS_Concepts/SensoRTOS_F446RE/SensoRTOS_F446RE/Core/Inc/Tasks" -O0 -ffunction-sections -fdata-sections -Wall -fstack-usage -fcyclomatic-complexity -MMD -MP -MF"Core/Src/Tasks/Task_DHT11.d" -MT"Core/Src/Tasks/Task_DHT11.o" --specs=nano.specs -mfpu=fpv4-sp-d16 -mfloat-abi=hard -mthumb -o "Core/Src/Tasks/Task_DHT11.o"
arm-none-eabi-gcc "../Core/Src/Tasks/Task_HCSR04.c" -mcpu=cortex-m4 -std=gnu11 -g3 -DDEBUG -DUSE_HAL_DRIVER -DSTM32F446xx -c -I../Core/Inc -I../Drivers/STM32F4xx_HAL_Driver/Inc -I../Drivers/STM32F4xx_HAL_Driver/Inc/Legacy -I../Drivers/CMSIS/Device/ST/STM32F4xx/Include -I../Drivers/CMSIS/Include -I../Middlewares/Third_Party/FreeRTOS/Source/include -I../Middlewares/Third_Party/FreeRTOS/Source/CMSIS_RTOS -I../Middlewares/Third_Party/FreeRTOS/Source/portable/GCC/ARM_CM4F -I"D:/Firmware/STM32/FreeRTOS_Concepts/SensoRTOS_F446RE/SensoRTOS_F446RE/Core/Inc/Drivers" -I"D:/Firmware/STM32/FreeRTOS_Concepts/SensoRTOS_F446RE/SensoRTOS_F446RE/Core/Inc/Tasks" -O0 -ffunction-sections -fdata-sections -Wall -fstack-usage -fcyclomatic-complexity -MMD -MP -MF"Core/Src/Tasks/Task_HCSR04.d" -MT"Core/Src/Tasks/Task_HCSR04.o" --specs=nano.specs -mfpu=fpv4-sp-d16 -mfloat-abi=hard -mthumb -o "Core/Src/Tasks/Task_HCSR04.o"
arm-none-eabi-gcc "../Core/Src/Tasks/Task_HCSR501.c" -mcpu=cortex-m4 -std=gnu11 -g3 -DDEBUG -DUSE_HAL_DRIVER -DSTM32F446xx -c -I../Core/Inc -I../Drivers/STM32F4xx_HAL_Driver/Inc -I../Drivers/STM32F4xx_HAL_Driver/Inc/Legacy -I../Drivers/CMSIS/Device/ST/STM32F4xx/Include -I../Drivers/CMSIS/Include -I../Middlewares/Third_Party/FreeRTOS/Source/include -I../Middlewares/Third_Party/FreeRTOS/Source/CMSIS_RTOS -I../Middlewares/Third_Party/FreeRTOS/Source/portable/GCC/ARM_CM4F -I"D:/Firmware/STM32/FreeRTOS_Concepts/SensoRTOS_F446RE/SensoRTOS_F446RE/Core/Inc/Drivers" -I"D:/Firmware/STM32/FreeRTOS_Concepts/SensoRTOS_F446RE/SensoRTOS_F446RE/Core/Inc/Tasks" -O0 -ffunction-sections -fdata-sections -Wall -fstack-usage -fcyclomatic-complexity -MMD -MP -MF"Core/Src/Tasks/Task_HCSR501.d" -MT"Core/Src/Tasks/Task_HCSR501.o" --specs=nano.specs -mfpu=fpv4-sp-d16 -mfloat-abi=hard -mthumb -o "Core/Src/Tasks/Task_HCSR501.o"
arm-none-eabi-gcc "../Core/Src/Tasks/Task_UART.c" -mcpu=cortex-m4 -std=gnu11 -g3 -DDEBUG -DUSE_HAL_DRIVER -DSTM32F446xx -c -I../Core/Inc -I../Drivers/STM32F4xx_HAL_Driver/Inc -I../Drivers/STM32F4xx_HAL_Driver/Inc/Legacy -I../Drivers/CMSIS/Device/ST/STM32F4xx/Include -I../Drivers/CMSIS/Include -I../Middlewares/Third_Party/FreeRTOS/Source/include -I../Middlewares/Third_Party/FreeRTOS/Source/CMSIS_RTOS -I../Middlewares/Third_Party/FreeRTOS/Source/portable/GCC/ARM_CM4F -I"D:/Firmware/STM32/FreeRTOS_Concepts/SensoRTOS_F446RE/SensoRTOS_F446RE/Core/Inc/Drivers" -I"D:/Firmware/STM32/FreeRTOS_Concepts/SensoRTOS_F446RE/SensoRTOS_F446RE/Core/Inc/Tasks" -O0 -ffunction-sections -fdata-sections -Wall -fstack-usage -fcyclomatic-complexity -MMD -MP -MF"Core/Src/Tasks/Task_UART.d" -MT"Core/Src/Tasks/Task_UART.o" --specs=nano.specs -mfpu=fpv4-sp-d16 -mfloat-abi=hard -mthumb -o "Core/Src/Tasks/Task_UART.o"
arm-none-eabi-gcc "../Core/Src/Tasks/tasks.c" -mcpu=cortex-m4 -std=gnu11 -g3 -DDEBUG -DUSE_HAL_DRIVER -DSTM32F446xx -c -I../Core/Inc -I../Drivers/STM32F4xx_HAL_Driver/Inc -I../Drivers/STM32F4xx_HAL_Driver/Inc/Legacy -I../Drivers/CMSIS/Device/ST/STM32F4xx/Include -I../Drivers/CMSIS/Include -I../Middlewares/Third_Party/FreeRTOS/Source/include -I../Middlewares/Third_Party/FreeRTOS/Source/CMSIS_RTOS -I../Middlewares/Third_Party/FreeRTOS/Source/portable/GCC/ARM_CM4F -I"D:/Firmware/STM32/FreeRTOS_Concepts/SensoRTOS_F446RE/SensoRTOS_F446RE/Core/Inc/Drivers" -I"D:/Firmware/STM32/FreeRTOS_Concepts/SensoRTOS_F446RE/SensoRTOS_F446RE/Core/Inc/Tasks" -O0 -ffunction-sections -fdata-sections -Wall -fstack-usage -fcyclomatic-complexity -MMD -MP -MF"Core/Src/Tasks/tasks.d" -MT"Core/Src/Tasks/tasks.o" --specs=nano.specs -mfpu=fpv4-sp-d16 -mfloat-abi=hard -mthumb -o "Core/Src/Tasks/tasks.o"
arm-none-eabi-gcc -o "SensoRTOS_F446RE.elf" @"objects.list"   -mcpu=cortex-m4 -T"D:\Firmware\STM32\FreeRTOS_Concepts\SensoRTOS_F446RE\SensoRTOS_F446RE\STM32F446RETX_FLASH.ld" --specs=nosys.specs -Wl,-Map="SensoRTOS_F446RE.map" -Wl,--gc-sections -static --specs=nano.specs -mfpu=fpv4-sp-d16 -mfloat-abi=hard -mthumb -Wl,--start-group -lc -lm -Wl,--end-group
Finished building target: SensoRTOS_F446RE.elf
 
arm-none-eabi-size  SensoRTOS_F446RE.elf 
arm-none-eabi-objdump -h -S SensoRTOS_F446RE.elf  > "SensoRTOS_F446RE.list"
   text	   data	    bss	    dec	    hex	filename
  16000	     88	  18288	  34376	   8648	SensoRTOS_F446RE.elf
Finished building: default.size.stdout
 
Finished building: SensoRTOS_F446RE.list
 

15:30:34 Build Finished. 0 errors, 0 warnings. (took 2s.227ms)

